Component: Arm Compiler for Embedded 6.22 Tool: armlink [5ee90200]

==============================================================================

Section Cross References

    ad.o(.ARM.exidx.text.InitAd) refers to ad.o(.text.InitAd) for [Anonymous Symbol]
    ad.o(.ARM.exidx.text.GetAdValue) refers to ad.o(.text.GetAdValue) for [Anonymous Symbol]
    buttons.o(.ARM.exidx.text.InitButtons) refers to buttons.o(.text.InitButtons) for [Anonymous Symbol]
    buttons.o(.ARM.exidx.text.SW1Active) refers to buttons.o(.text.SW1Active) for [Anonymous Symbol]
    buttons.o(.ARM.exidx.text.SW2Active) refers to buttons.o(.text.SW2Active) for [Anonymous Symbol]
    buttons.o(.ARM.exidx.text.SW3Active) refers to buttons.o(.text.SW3Active) for [Anonymous Symbol]
    buttons.o(.ARM.exidx.text.SW4Active) refers to buttons.o(.text.SW4Active) for [Anonymous Symbol]
    buttons.o(.ARM.exidx.text.UserButtonActive) refers to buttons.o(.text.UserButtonActive) for [Anonymous Symbol]
    i2c1.o(.ARM.exidx.text.InitI2C1) refers to i2c1.o(.text.InitI2C1) for [Anonymous Symbol]
    i2c1.o(.ARM.exidx.text.I2C1WriteRegister) refers to i2c1.o(.text.I2C1WriteRegister) for [Anonymous Symbol]
    i2c1.o(.ARM.exidx.text.I2C1ReadRegister) refers to i2c1.o(.text.I2C1ReadRegister) for [Anonymous Symbol]
    leds.o(.ARM.exidx.text.InitLeds) refers to leds.o(.text.InitLeds) for [Anonymous Symbol]
    leds.o(.ARM.exidx.text.ByteToLeds) refers to leds.o(.text.ByteToLeds) for [Anonymous Symbol]
    leds.o(.ARM.exidx.text.ToggleLed) refers to leds.o(.text.ToggleLed) for [Anonymous Symbol]
    leds.o(.text.ByteToLevel) refers to leds.o(.text.ByteToLeds) for ByteToLeds
    leds.o(.ARM.exidx.text.ByteToLevel) refers to leds.o(.text.ByteToLevel) for [Anonymous Symbol]
    leds.o(.ARM.exidx.text.SetUserLed) refers to leds.o(.text.SetUserLed) for [Anonymous Symbol]
    main.o(.text.main) refers to main.o(.text.SystemClock_Config) for SystemClock_Config
    main.o(.text.main) refers to usart2.o(.text.InitUsart2) for InitUsart2
    main.o(.text.main) refers to main.o(.text.InitIo) for InitIo
    main.o(.text.main) refers to buttons.o(.text.InitButtons) for InitButtons
    main.o(.text.main) refers to leds.o(.text.InitLeds) for InitLeds
    main.o(.text.main) refers to i2c1.o(.text.InitI2C1) for InitI2C1
    main.o(.text.main) refers to mpr121.o(.text.InitMpr121) for InitMpr121
    main.o(.text.main) refers to spi1.o(.text.InitSpi1) for InitSpi1
    main.o(.text.main) refers to ad.o(.text.InitAd) for InitAd
    main.o(.text.main) refers to usart2.o(.text.StringToUsart2) for StringToUsart2
    main.o(.text.main) refers to buttons.o(.text.SW1Active) for SW1Active
    main.o(.text.main) refers to leds.o(.text.ByteToLeds) for ByteToLeds
    main.o(.text.main) refers to main.o(.text.WaitForMs) for WaitForMs
    main.o(.text.main) refers to mpr121.o(.text.Mpr121GetTouchStatus) for Mpr121GetTouchStatus
    main.o(.text.main) refers to sprintf.o(.text) for sprintf
    main.o(.text.main) refers to main.o(.rodata.str1.1) for [Anonymous Symbol]
    main.o(.text.main) refers to main.o(.bss.count) for [Anonymous Symbol]
    main.o(.text.main) refers to main.o(.bss.touchStatus) for [Anonymous Symbol]
    main.o(.text.main) refers to main.o(.bss.touchStatusOld) for [Anonymous Symbol]
    main.o(.text.main) refers to main.o(.bss.text) for [Anonymous Symbol]
    main.o(.text.main) refers to main.o(.bss.touch1Help) for [Anonymous Symbol]
    main.o(.text.main) refers to main.o(.bss.touch2Help) for [Anonymous Symbol]
    main.o(.text.main) refers to main.o(.bss.touch3Help) for [Anonymous Symbol]
    main.o(.ARM.exidx.text.main) refers to main.o(.text.main) for [Anonymous Symbol]
    main.o(.text.SystemClock_Config) refers to system_stm32f0xx.o(.text.SystemCoreClockUpdate) for SystemCoreClockUpdate
    main.o(.text.SystemClock_Config) refers to main.o(.text.SysTick_Config) for SysTick_Config
    main.o(.ARM.exidx.text.SystemClock_Config) refers to main.o(.text.SystemClock_Config) for [Anonymous Symbol]
    main.o(.ARM.exidx.text.InitIo) refers to main.o(.text.InitIo) for [Anonymous Symbol]
    main.o(.text.WaitForMs) refers to main.o(.bss.ticks) for [Anonymous Symbol]
    main.o(.ARM.exidx.text.WaitForMs) refers to main.o(.text.WaitForMs) for [Anonymous Symbol]
    main.o(.text.SysTick_Handler) refers to main.o(.bss.ticks) for [Anonymous Symbol]
    main.o(.ARM.exidx.text.SysTick_Handler) refers to main.o(.text.SysTick_Handler) for [Anonymous Symbol]
    main.o(.text.SysTick_Config) refers to main.o(.text.__NVIC_SetPriority) for __NVIC_SetPriority
    main.o(.ARM.exidx.text.SysTick_Config) refers to main.o(.text.SysTick_Config) for [Anonymous Symbol]
    main.o(.ARM.exidx.text.__NVIC_SetPriority) refers to main.o(.text.__NVIC_SetPriority) for [Anonymous Symbol]
    spi1.o(.ARM.exidx.text.InitSpi1) refers to spi1.o(.text.InitSpi1) for [Anonymous Symbol]
[...]
    ../clib/locale.c                         0x00000000   Number         0  _c16rtomb.o ABSOLUTE
    ../clib/locale.s                         0x00000000   Number         0  lc_numeric_c.o ABSOLUTE
    ../clib/locale.s                         0x00000000   Number         0  lc_ctype_c.o ABSOLUTE
    ../clib/longlong.c                       0x00000000   Number         0  llushr.o ABSOLUTE
    ../clib/misc.s                           0x00000000   Number         0  printf_stubs.o ABSOLUTE
    ../clib/printf.c                         0x00000000   Number         0  sprintf.o ABSOLUTE
    ../clib/printf.c                         0x00000000   Number         0  __printf.o ABSOLUTE
    ../clib/printf.c                         0x00000000   Number         0  _printf_pad.o ABSOLUTE
    ../clib/printf.c                         0x00000000   Number         0  _printf_truncate.o ABSOLUTE
    ../clib/printf.c                         0x00000000   Number         0  _printf_str.o ABSOLUTE
    ../clib/printf.c                         0x00000000   Number         0  _printf_dec.o ABSOLUTE
    ../clib/printf.c                         0x00000000   Number         0  _printf_charcount.o ABSOLUTE
    ../clib/printf.c                         0x00000000   Number         0  _printf_char_common.o ABSOLUTE
    ../clib/printf.c                         0x00000000   Number         0  _sputc.o ABSOLUTE
    ../clib/printf.c                         0x00000000   Number         0  _printf_wctomb.o ABSOLUTE
    ../clib/printf.c                         0x00000000   Number         0  _printf_longlong_dec.o ABSOLUTE
    ../clib/printf.c                         0x00000000   Number         0  _printf_oct_ll.o ABSOLUTE
    ../clib/printf.c                         0x00000000   Number         0  _printf_oct_int.o ABSOLUTE
    ../clib/printf.c                         0x00000000   Number         0  _printf_oct_int_ll.o ABSOLUTE
    ../clib/printf.c                         0x00000000   Number         0  _printf_hex_ll.o ABSOLUTE
    ../clib/printf.c                         0x00000000   Number         0  _printf_hex_int.o ABSOLUTE
    ../clib/printf.c                         0x00000000   Number         0  _printf_hex_int_ll.o ABSOLUTE
    ../clib/printf.c                         0x00000000   Number         0  _printf_hex_ptr.o ABSOLUTE
    ../clib/printf.c                         0x00000000   Number         0  _printf_hex_int_ptr.o ABSOLUTE
    ../clib/printf.c                         0x00000000   Number         0  _printf_hex_ll_ptr.o ABSOLUTE
    ../clib/printf.c                         0x00000000   Number         0  _printf_hex_int_ll_ptr.o ABSOLUTE
    ../clib/printf.c                         0x00000000   Number         0  __printf_flags.o ABSOLUTE
    ../clib/printf.c                         0x00000000   Number         0  __printf_ss.o ABSOLUTE
    ../clib/printf.c                         0x00000000   Number         0  __printf_flags_ss.o ABSOLUTE
    ../clib/printf.c                         0x00000000   Number         0  __printf_wp.o ABSOLUTE
    ../clib/printf.c                         0x00000000   Number         0  __printf_flags_wp.o ABSOLUTE
    ../clib/printf.c                         0x00000000   Number         0  __printf_ss_wp.o ABSOLUTE
    ../clib/printf.c                         0x00000000   Number         0  __printf_flags_ss_wp.o ABSOLUTE
    ../clib/printf.c                         0x00000000   Number         0  _printf_intcommon.o ABSOLUTE
    ../clib/printf.c                         0x00000000   Number         0  _printf_fp_dec.o ABSOLUTE
    ../clib/printf.c                         0x00000000   Number         0  _printf_fp_dec_accurate.o ABSOLUTE
    ../clib/printf.c                         0x00000000   Number         0  _printf_fp_hex.o ABSOLUTE
    ../clib/printf.c                         0x00000000   Number         0  __printf_nopercent.o ABSOLUTE
    ../clib/printf.c                         0x00000000   Number         0  _printf_char.o ABSOLUTE
    ../clib/printf.c                         0x00000000   Number         0  _printf_wchar.o ABSOLUTE
    ../clib/printf.c                         0x00000000   Number         0  _printf_fp_infnan.o ABSOLUTE
    ../clib/printf_percent.s                 0x00000000   Number         0  _printf_c.o ABSOLUTE
    ../clib/printf_percent.s                 0x00000000   Number         0  _printf_s.o ABSOLUTE
    ../clib/printf_percent.s                 0x00000000   Number         0  _printf_n.o ABSOLUTE
    ../clib/printf_percent.s                 0x00000000   Number         0  _printf_x.o ABSOLUTE
    ../clib/printf_percent.s                 0x00000000   Number         0  _printf_p.o ABSOLUTE
    ../clib/printf_percent.s                 0x00000000   Number         0  _printf_o.o ABSOLUTE
    ../clib/printf_percent.s                 0x00000000   Number         0  _printf_i.o ABSOLUTE
    ../clib/printf_percent.s                 0x00000000   Number         0  _printf_d.o ABSOLUTE
    ../clib/printf_percent.s                 0x00000000   Number         0  _printf_u.o ABSOLUTE
    ../clib/printf_percent.s                 0x00000000   Number         0  _printf_f.o ABSOLUTE
    ../clib/printf_percent.s                 0x00000000   Number         0  _printf_e.o ABSOLUTE
    ../clib/printf_percent.s                 0x00000000   Number         0  _printf_g.o ABSOLUTE
    ../clib/printf_percent.s                 0x00000000   Number         0  _printf_a.o ABSOLUTE
    ../clib/printf_percent.s                 0x00000000   Number         0  _printf_percent.o ABSOLUTE
    ../clib/printf_percent.s                 0x00000000   Number         0  _printf_lli.o ABSOLUTE
    ../clib/printf_percent.s                 0x00000000   Number         0  _printf_lld.o ABSOLUTE
    ../clib/printf_percent.s                 0x00000000   Number         0  _printf_llu.o ABSOLUTE
    ../clib/printf_percent.s                 0x00000000   Number         0  _printf_ll.o ABSOLUTE
    ../clib/printf_percent.s                 0x00000000   Number         0  _printf_l.o ABSOLUTE
    ../clib/printf_percent.s                 0x00000000   Number         0  _printf_lc.o ABSOLUTE
    ../clib/printf_percent.s                 0x00000000   Number         0  _printf_ls.o ABSOLUTE
    ../clib/printf_percent.s                 0x00000000   Number         0  _printf_llo.o ABSOLUTE
    ../clib/printf_percent.s                 0x00000000   Number         0  _printf_llx.o ABSOLUTE
    ../clib/printf_percent.s                 0x00000000   Number         0  _printf_percent_end.o ABSOLUTE
    ../clib/signal.c                         0x00000000   Number         0  defsig_fpe_outer.o ABSOLUTE
    ../clib/signal.c                         0x00000000   Number         0  defsig_fpe_formal.o ABSOLUTE
    ../clib/signal.c                         0x00000000   Number         0  defsig_exit.o ABSOLUTE
    ../clib/signal.c                         0x00000000   Number         0  defsig_fpe_inner.o ABSOLUTE
    ../clib/signal.c                         0x00000000   Number         0  __raise.o ABSOLUTE
    ../clib/signal.c                         0x00000000   Number         0  defsig_general.o ABSOLUTE
    ../clib/signal.c                         0x00000000   Number         0  defsig_abrt_inner.o ABSOLUTE
    ../clib/signal.c                         0x00000000   Number         0  defsig_rtred_inner.o ABSOLUTE
    ../clib/signal.c                         0x00000000   Number         0  defsig_rtmem_inner.o ABSOLUTE
    ../clib/signal.c                         0x00000000   Number         0  defsig_rtmem_outer.o ABSOLUTE
    ../clib/signal.c                         0x00000000   Number         0  defsig_rtmem_formal.o ABSOLUTE
    ../clib/signal.c                         0x00000000   Number         0  defsig_stak_inner.o ABSOLUTE
    ../clib/signal.c                         0x00000000   Number         0  defsig_pvfn_inner.o ABSOLUTE
    ../clib/signal.c                         0x00000000   Number         0  defsig_cppl_inner.o ABSOLUTE
    ../clib/signal.c                         0x00000000   Number         0  defsig_segv_inner.o ABSOLUTE
    ../clib/signal.c                         0x00000000   Number         0  defsig_other.o ABSOLUTE
    ../clib/signal.s                         0x00000000   Number         0  defsig.o ABSOLUTE
    ../clib/stdlib.c                         0x00000000   Number         0  exit.o ABSOLUTE
    ../clib/string.c                         0x00000000   Number         0  strcmp.o ABSOLUTE
    ../fplib/cfplib/fpinit.c                 0x00000000   Number         0  fpinit.o ABSOLUTE
    ../fplib/cfplib/ieee_status.c            0x00000000   Number         0  ieee_status.o ABSOLUTE
    ../fplib/printf1.s                       0x00000000   Number         0  printf1.o ABSOLUTE
    ../fplib/printf2.s                       0x00000000   Number         0  printf2.o ABSOLUTE
    ../fplib/printf2a.s                      0x00000000   Number         0  printf2a.o ABSOLUTE
    ../fplib/printf2b.s                      0x00000000   Number         0  printf2b.o ABSOLUTE
    ../fplib/usenofp.s                       0x00000000   Number         0  usenofp.o ABSOLUTE
    ../mathlib/fpclassify.c                  0x00000000   Number         0  fpclassify.o ABSOLUTE
    RTE/Device/STM32F091RCTx/startup_stm32f091xc.s 0x00000000   Number         0  startup_stm32f091xc.o ABSOLUTE
    ad.c                                     0x00000000   Number         0  ad.o ABSOLUTE
    buttons.c                                0x00000000   Number         0  buttons.o ABSOLUTE
    dc.s                                     0x00000000   Number         0  dc.o ABSOLUTE
    i2c1.c                                   0x00000000   Number         0  i2c1.o ABSOLUTE
    leds.c                                   0x00000000   Number         0  leds.o ABSOLUTE
    main.c                                   0x00000000   Number         0  main.o ABSOLUTE
    mpr121.c                                 0x00000000   Number         0  mpr121.o ABSOLUTE
    spi1.c                                   0x00000000   Number         0  spi1.o ABSOLUTE
    system_stm32f0xx.c                       0x00000000   Number         0  system_stm32f0xx.o ABSOLUTE
    timer6.c                                 0x00000000   Number         0  timer6.o ABSOLUTE
    usart2.c                                 0x00000000   Number         0  usart2.o ABSOLUTE
    RESET                                    0x08000000   Section      188  startup_stm32f091xc.o(RESET)
    !!!main                                  0x080000bc   Section        8  __main.o(!!!main)
    !!!scatter                               0x080000c4   Section       84  __scatter.o(!!!scatter)
    !!handler_copy                           0x08000118   Section       26  __scatter_copy.o(!!handler_copy)
    !!handler_null                           0x08000134   Section        2  __scatter.o(!!handler_null)
    !!handler_zi                             0x08000138   Section       28  __scatter_zi.o(!!handler_zi)
    .ARM.Collect$$_printf_percent$$00000000  0x08000154   Section        2  _printf_percent.o(.ARM.Collect$$_printf_percent$$00000000)
    .ARM.Collect$$_printf_percent$$00000001  0x08000156   Section       10  _printf_n.o(.ARM.Collect$$_printf_percent$$00000001)
    .ARM.Collect$$_printf_percent$$00000002  0x08000160   Section       10  _printf_p.o(.ARM.Collect$$_printf_percent$$00000002)
    .ARM.Collect$$_printf_percent$$00000003  0x0800016a   Section       10  _printf_f.o(.ARM.Collect$$_printf_percent$$00000003)
    .ARM.Collect$$_printf_percent$$00000004  0x08000174   Section       10  _printf_e.o(.ARM.Collect$$_printf_percent$$00000004)
    .ARM.Collect$$_printf_percent$$00000005  0x0800017e   Section       10  _printf_g.o(.ARM.Collect$$_printf_percent$$00000005)
    .ARM.Collect$$_printf_percent$$00000006  0x08000188   Section       10  _printf_a.o(.ARM.Collect$$_printf_percent$$00000006)
    .ARM.Collect$$_printf_percent$$00000007  0x08000192   Section       10  _printf_ll.o(.ARM.Collect$$_printf_percent$$00000007)
    .ARM.Collect$$_printf_percent$$00000008  0x0800019c   Section       10  _printf_i.o(.ARM.Collect$$_printf_percent$$00000008)
    .ARM.Collect$$_printf_percent$$00000009  0x080001a6   Section       10  _printf_d.o(.ARM.Collect$$_printf_percent$$00000009)
    .ARM.Collect$$_printf_percent$$0000000A  0x080001b0   Section       10  _printf_u.o(.ARM.Collect$$_printf_percent$$0000000A)
    .ARM.Collect$$_printf_percent$$0000000B  0x080001ba   Section       10  _printf_o.o(.ARM.Collect$$_printf_percent$$0000000B)
    .ARM.Collect$$_printf_percent$$0000000C  0x080001c4   Section       10  _printf_x.o(.ARM.Collect$$_printf_percent$$0000000C)
    .ARM.Collect$$_printf_percent$$0000000D  0x080001ce   Section       10  _printf_lli.o(.ARM.Collect$$_printf_percent$$0000000D)
    .ARM.Collect$$_printf_percent$$0000000E  0x080001d8   Section       10  _printf_lld.o(.ARM.Collect$$_printf_percent$$0000000E)
    .ARM.Collect$$_printf_percent$$0000000F  0x080001e2   Section       10  _printf_llu.o(.ARM.Collect$$_printf_percent$$0000000F)
    .ARM.Collect$$_printf_percent$$00000010  0x080001ec   Section       10  _printf_llo.o(.ARM.Collect$$_printf_percent$$00000010)
    .ARM.Collect$$_printf_percent$$00000011  0x080001f6   Section       10  _printf_llx.o(.ARM.Collect$$_printf_percent$$00000011)
    .ARM.Collect$$_printf_percent$$00000012  0x08000200   Section       10  _printf_l.o(.ARM.Collect$$_printf_percent$$00000012)
    .ARM.Collect$$_printf_percent$$00000013  0x0800020a   Section       10  _printf_c.o(.ARM.Collect$$_printf_percent$$00000013)
    .ARM.Collect$$_printf_percent$$00000014  0x08000214   Section       10  _printf_s.o(.ARM.Collect$$_printf_percent$$00000014)
    .ARM.Collect$$_printf_percent$$00000015  0x0800021e   Section       10  _printf_lc.o(.ARM.Collect$$_printf_percent$$00000015)
    .ARM.Collect$$_printf_percent$$00000016  0x08000228   Section       10  _printf_ls.o(.ARM.Collect$$_printf_percent$$00000016)
    .ARM.Collect$$_printf_percent$$00000017  0x08000232   Section        4  _printf_percent_end.o(.ARM.Collect$$_printf_percent$$00000017)
    .ARM.Collect$$libinit$$00000000          0x08000236   Section        2  libinit.o(.ARM.Collect$$libinit$$00000000)
    .ARM.Collect$$libinit$$00000002          0x08000238   Section        0  libinit2.o(.ARM.Collect$$libinit$$00000002)
    .ARM.Collect$$libinit$$00000004          0x08000238   Section        0  libinit2.o(.ARM.Collect$$libinit$$00000004)
    .ARM.Collect$$libinit$$00000006          0x08000238   Section        0  libinit2.o(.ARM.Collect$$libinit$$00000006)
    .ARM.Collect$$libinit$$0000000C          0x08000238   Section        0  libinit2.o(.ARM.Collect$$libinit$$0000000C)
    .ARM.Collect$$libinit$$0000000E          0x08000238   Section        0  libinit2.o(.ARM.Collect$$libinit$$0000000E)
    .ARM.Collect$$libinit$$00000010          0x08000238   Section        0  libinit2.o(.ARM.Collect$$libinit$$00000010)
    .ARM.Collect$$libinit$$00000011          0x08000238   Section        6  libinit2.o(.ARM.Collect$$libinit$$00000011)
    .ARM.Collect$$libinit$$00000013          0x0800023e   Section        0  libinit2.o(.ARM.Collect$$libinit$$00000013)
    .ARM.Collect$$libinit$$00000014          0x0800023e   Section       12  libinit2.o(.ARM.Collect$$libinit$$00000014)
    .ARM.Collect$$libinit$$00000015          0x0800024a   Section        0  libinit2.o(.ARM.Collect$$libinit$$00000015)
    .ARM.Collect$$libinit$$00000017          0x0800024a   Section        0  libinit2.o(.ARM.Collect$$libinit$$00000017)
    .ARM.Collect$$libinit$$00000018          0x0800024a   Section       10  libinit2.o(.ARM.Collect$$libinit$$00000018)
    .ARM.Collect$$libinit$$00000019          0x08000254   Section        0  libinit2.o(.ARM.Collect$$libinit$$00000019)
    .ARM.Collect$$libinit$$0000001B          0x08000254   Section        0  libinit2.o(.ARM.Collect$$libinit$$0000001B)
    .ARM.Collect$$libinit$$0000001D          0x08000254   Section        0  libinit2.o(.ARM.Collect$$libinit$$0000001D)
    .ARM.Collect$$libinit$$0000001F          0x08000254   Section        0  libinit2.o(.ARM.Collect$$libinit$$0000001F)
    .ARM.Collect$$libinit$$00000021          0x08000254   Section        0  libinit2.o(.ARM.Collect$$libinit$$00000021)
    .ARM.Collect$$libinit$$00000023          0x08000254   Section        0  libinit2.o(.ARM.Collect$$libinit$$00000023)
    .ARM.Collect$$libinit$$00000025          0x08000254   Section        0  libinit2.o(.ARM.Collect$$libinit$$00000025)
    .ARM.Collect$$libinit$$00000027          0x08000254   Section        0  libinit2.o(.ARM.Collect$$libinit$$00000027)
    .ARM.Collect$$libinit$$0000002E          0x08000254   Section        0  libinit2.o(.ARM.Collect$$libinit$$0000002E)
    .ARM.Collect$$libinit$$00000030          0x08000254   Section        0  libinit2.o(.ARM.Collect$$libinit$$00000030)
    .ARM.Collect$$libinit$$00000032          0x08000254   Section        0  libinit2.o(.ARM.Collect$$libinit$$00000032)
    .ARM.Collect$$libinit$$00000034          0x08000254   Section        0  libinit2.o(.ARM.Collect$$libinit$$00000034)
    .ARM.Collect$$libinit$$00000035          0x08000254   Section        2  libinit2.o(.ARM.Collect$$libinit$$00000035)
    .ARM.Collect$$libshutdown$$00000000      0x08000256   Section        2  libshutdown.o(.ARM.Collect$$libshutdown$$00000000)
    .ARM.Collect$$libshutdown$$00000002      0x08000258   Section        0  libshutdown2.o(.ARM.Collect$$libshutdown$$00000002)
    .ARM.Collect$$libshutdown$$00000004      0x08000258   Section        0  libshutdown2.o(.ARM.Collect$$libshutdown$$00000004)
    .ARM.Collect$$libshutdown$$00000007      0x08000258   Section        0  libshutdown2.o(.ARM.Collect$$libshutdown$$00000007)
    .ARM.Collect$$libshutdown$$0000000A      0x08000258   Section        0  libshutdown2.o(.ARM.Collect$$libshutdown$$0000000A)
    .ARM.Collect$$libshutdown$$0000000C      0x08000258   Section        0  libshutdown2.o(.ARM.Collect$$libshutdown$$0000000C)
    .ARM.Collect$$libshutdown$$0000000F      0x08000258   Section        0  libshutdown2.o(.ARM.Collect$$libshutdown$$0000000F)
    .ARM.Collect$$libshutdown$$00000010      0x08000258   Section        2  libshutdown2.o(.ARM.Collect$$libshutdown$$00000010)
    .ARM.Collect$$rtentry$$00000000          0x0800025a   Section        0  __rtentry.o(.ARM.Collect$$rtentry$$00000000)
    .ARM.Collect$$rtentry$$00000002          0x0800025a   Section        0  __rtentry2.o(.ARM.Collect$$rtentry$$00000002)
    .ARM.Collect$$rtentry$$00000004          0x0800025a   Section        6  __rtentry4.o(.ARM.Collect$$rtentry$$00000004)
    .ARM.Collect$$rtentry$$00000009          0x08000260   Section        0  __rtentry2.o(.ARM.Collect$$rtentry$$00000009)
    .ARM.Collect$$rtentry$$0000000A          0x08000260   Section        4  __rtentry2.o(.ARM.Collect$$rtentry$$0000000A)
    .ARM.Collect$$rtentry$$0000000C          0x08000264   Section        0  __rtentry2.o(.ARM.Collect$$rtentry$$0000000C)
    .ARM.Collect$$rtentry$$0000000D          0x08000264   Section        8  __rtentry2.o(.ARM.Collect$$rtentry$$0000000D)
    .ARM.Collect$$rtexit$$00000000           0x0800026c   Section        2  rtexit.o(.ARM.Collect$$rtexit$$00000000)
    .ARM.Collect$$rtexit$$00000002           0x0800026e   Section        0  rtexit2.o(.ARM.Collect$$rtexit$$00000002)
    .ARM.Collect$$rtexit$$00000003           0x0800026e   Section        4  rtexit2.o(.ARM.Collect$$rtexit$$00000003)
    .ARM.Collect$$rtexit$$00000004           0x08000272   Section        6  rtexit2.o(.ARM.Collect$$rtexit$$00000004)
    .text                                    0x08000278   Section       56  startup_stm32f091xc.o(.text)
    .text                                    0x080002b0   Section        0  sprintf.o(.text)
    .text                                    0x080002dc   Section      364  aeabi_sdiv.o(.text)
    .text                                    0x08000448   Section        0  heapauxi.o(.text)
    .text                                    0x0800044e   Section        0  _printf_pad.o(.text)
    .text                                    0x0800049c   Section        0  _printf_truncate.o(.text)
    .text                                    0x080004c0   Section        0  _printf_str.o(.text)
    .text                                    0x08000514   Section        0  _printf_dec.o(.text)
    .text                                    0x08000580   Section        0  _printf_charcount.o(.text)
    _printf_input_char                       0x080005a9   Thumb Code    10  _printf_char_common.o(.text)
    .text                                    0x080005a8   Section        0  _printf_char_common.o(.text)
    .text                                    0x080005d8   Section        0  _sputc.o(.text)
    .text                                    0x080005e4   Section        0  _printf_wctomb.o(.text)
    .text                                    0x080006a0   Section        0  _printf_longlong_dec.o(.text)
    _printf_longlong_oct_internal            0x08000711   Thumb Code     0  _printf_oct_int_ll.o(.text)
    .text                                    0x08000710   Section        0  _printf_oct_int_ll.o(.text)
    _printf_hex_common                       0x08000781   Thumb Code     0  _printf_hex_int_ll_ptr.o(.text)
    .text                                    0x08000780   Section        0  _printf_hex_int_ll_ptr.o(.text)
    .text                                    0x08000818   Section        0  __printf_flags_ss_wp.o(.text)
    .text                                    0x080009a0   Section        0  lludiv10.o(.text)
    .text                                    0x08000a1a   Section        0  _printf_intcommon.o(.text)
    _fp_digits                               0x08000acd   Thumb Code   412  _printf_fp_dec.o(.text)
    .text                                    0x08000acc   Section        0  _printf_fp_dec.o(.text)
    .text                                    0x08000ee0   Section        0  _printf_fp_hex.o(.text)
    .text                                    0x080011b8   Section        0  _printf_char.o(.text)
    .text                                    0x080011e6   Section        0  _printf_wchar.o(.text)
    .text                                    0x08001214   Section        0  _c16rtomb.o(.text)
    .text                                    0x08001256   Section        0  rtudiv10.o(.text)
    .text                                    0x0800127e   Section       62  sys_stackheap_outer.o(.text)
    .text                                    0x080012bc   Section       16  rt_ctype_table.o(.text)
    .text                                    0x080012cc   Section        8  rt_locale_intlibspace.o(.text)
    .text                                    0x080012d4   Section        0  _printf_fp_infnan.o(.text)
    .text                                    0x0800135c   Section        0  bigflt0.o(.text)
    .text                                    0x08001434   Section        0  btod.o(.text)
    btod_internal_mul                        0x08001475   Thumb Code   492  btod.o(.text)
    btod_internal_div                        0x08001661   Thumb Code   520  btod.o(.text)
    .text                                    0x080019b4   Section        0  exit.o(.text)
    .text                                    0x080019c4   Section        8  libspace.o(.text)
    .text                                    0x080019cc   Section        0  strcmp.o(.text)
    .text                                    0x08001a54   Section        0  sys_exit.o(.text)
    .text                                    0x08001a60   Section        2  use_no_semi.o(.text)
    .text                                    0x08001a62   Section        0  indicate_semi.o(.text)
    [Anonymous Symbol]                       0x08001a64   Section        0  leds.o(.text.ByteToLeds)
    __arm_cp.1_0                             0x08001b98   Number         4  leds.o(.text.ByteToLeds)
    __arm_cp.1_1                             0x08001b9c   Number         4  leds.o(.text.ByteToLeds)
    __arm_cp.1_2                             0x08001ba0   Number         4  leds.o(.text.ByteToLeds)
    [Anonymous Symbol]                       0x08001ba4   Section        0  i2c1.o(.text.I2C1ReadRegister)
    __arm_cp.2_3                             0x08001ca8   Number         4  i2c1.o(.text.I2C1ReadRegister)
    [Anonymous Symbol]                       0x08001cac   Section        0  i2c1.o(.text.I2C1WriteRegister)
    __arm_cp.1_1                             0x08001d60   Number         4  i2c1.o(.text.I2C1WriteRegister)
    __arm_cp.1_2                             0x08001d64   Number         4  i2c1.o(.text.I2C1WriteRegister)
    [Anonymous Symbol]                       0x08001d68   Section        0  ad.o(.text.InitAd)
    __arm_cp.0_1                             0x08001db4   Number         4  ad.o(.text.InitAd)
    __arm_cp.0_2                             0x08001db8   Number         4  ad.o(.text.InitAd)
    __arm_cp.0_3                             0x08001dbc   Number         4  ad.o(.text.InitAd)
    __arm_cp.0_4                             0x08001dc0   Number         4  ad.o(.text.InitAd)
    __arm_cp.0_5                             0x08001dc4   Number         4  ad.o(.text.InitAd)
    [Anonymous Symbol]                       0x08001dc8   Section        0  buttons.o(.text.InitButtons)
    [Anonymous Symbol]                       0x08001e18   Section        0  i2c1.o(.text.InitI2C1)
    __arm_cp.0_1                             0x08001e7c   Number         4  i2c1.o(.text.InitI2C1)
    __arm_cp.0_2                             0x08001e80   Number         4  i2c1.o(.text.InitI2C1)
    __arm_cp.0_4                             0x08001e84   Number         4  i2c1.o(.text.InitI2C1)
    __arm_cp.0_5                             0x08001e88   Number         4  i2c1.o(.text.InitI2C1)
    __arm_cp.0_6                             0x08001e8c   Number         4  i2c1.o(.text.InitI2C1)
    __arm_cp.0_7                             0x08001e90   Number         4  i2c1.o(.text.InitI2C1)
    [Anonymous Symbol]                       0x08001e94   Section        0  main.o(.text.InitIo)
    [Anonymous Symbol]                       0x08001e98   Section        0  leds.o(.text.InitLeds)
    __arm_cp.0_1                             0x08001f34   Number         4  leds.o(.text.InitLeds)
    __arm_cp.0_2                             0x08001f38   Number         4  leds.o(.text.InitLeds)
    __arm_cp.0_3                             0x08001f3c   Number         4  leds.o(.text.InitLeds)
    [Anonymous Symbol]                       0x08001f40   Section        0  mpr121.o(.text.InitMpr121)
    [Anonymous Symbol]                       0x08002024   Section        0  spi1.o(.text.InitSpi1)
    __arm_cp.0_1                             0x080020e8   Number         4  spi1.o(.text.InitSpi1)
    __arm_cp.0_3                             0x080020ec   Number         4  spi1.o(.text.InitSpi1)
    __arm_cp.0_4                             0x080020f0   Number         4  spi1.o(.text.InitSpi1)
    __arm_cp.0_5                             0x080020f4   Number         4  spi1.o(.text.InitSpi1)
    __arm_cp.0_6                             0x080020f8   Number         4  spi1.o(.text.InitSpi1)
    __arm_cp.0_7                             0x080020fc   Number         4  spi1.o(.text.InitSpi1)
    [Anonymous Symbol]                       0x08002100   Section        0  usart2.o(.text.InitUsart2)
    __arm_cp.0_0                             0x08002178   Number         4  usart2.o(.text.InitUsart2)
    __arm_cp.0_1                             0x0800217c   Number         4  usart2.o(.text.InitUsart2)
    __arm_cp.0_2                             0x08002180   Number         4  usart2.o(.text.InitUsart2)
    __arm_cp.0_4                             0x08002184   Number         4  usart2.o(.text.InitUsart2)
    __arm_cp.0_5                             0x08002188   Number         4  usart2.o(.text.InitUsart2)
    __arm_cp.0_6                             0x0800218c   Number         4  usart2.o(.text.InitUsart2)
    [Anonymous Symbol]                       0x08002190   Section        0  mpr121.o(.text.Mpr121GetTouchStatus)
    [Anonymous Symbol]                       0x080021b4   Section        0  buttons.o(.text.SW1Active)
    __arm_cp.1_0                             0x080021dc   Number         4  buttons.o(.text.SW1Active)
    [Anonymous Symbol]                       0x080021e0   Section        0  usart2.o(.text.StringToUsart2)
    __arm_cp.1_0                             0x08002224   Number         4  usart2.o(.text.StringToUsart2)
    __arm_cp.1_1                             0x08002228   Number         4  usart2.o(.text.StringToUsart2)
    SysTick_Config                           0x0800222d   Thumb Code    68  main.o(.text.SysTick_Config)
    [Anonymous Symbol]                       0x0800222c   Section        0  main.o(.text.SysTick_Config)
    __arm_cp.5_0                             0x08002270   Number         4  main.o(.text.SysTick_Config)
    __arm_cp.5_1                             0x08002274   Number         4  main.o(.text.SysTick_Config)
    __arm_cp.5_2                             0x08002278   Number         4  main.o(.text.SysTick_Config)
    [Anonymous Symbol]                       0x0800227c   Section        0  main.o(.text.SysTick_Handler)
    [Anonymous Symbol]                       0x08002288   Section        0  main.o(.text.SystemClock_Config)
    __arm_cp.1_0                             0x08002358   Number         4  main.o(.text.SystemClock_Config)
    __arm_cp.1_3                             0x0800235c   Number         4  main.o(.text.SystemClock_Config)
    __arm_cp.1_4                             0x08002360   Number         4  main.o(.text.SystemClock_Config)
    [Anonymous Symbol]                       0x08002364   Section        0  system_stm32f0xx.o(.text.SystemCoreClockUpdate)
    __arm_cp.1_0                             0x0800244c   Number         4  system_stm32f0xx.o(.text.SystemCoreClockUpdate)
    __arm_cp.1_1                             0x08002450   Number         4  system_stm32f0xx.o(.text.SystemCoreClockUpdate)
    __arm_cp.1_2                             0x08002454   Number         4  system_stm32f0xx.o(.text.SystemCoreClockUpdate)
    __arm_cp.1_3                             0x08002458   Number         4  system_stm32f0xx.o(.text.SystemCoreClockUpdate)
    __arm_cp.1_4                             0x0800245c   Number         4  system_stm32f0xx.o(.text.SystemCoreClockUpdate)
    __arm_cp.1_5                             0x08002460   Number         4  system_stm32f0xx.o(.text.SystemCoreClockUpdate)
    [Anonymous Symbol]                       0x08002464   Section        0  system_stm32f0xx.o(.text.SystemInit)
    [Anonymous Symbol]                       0x08002468   Section        0  main.o(.text.WaitForMs)
    __arm_cp.3_0                             0x0800248c   Number         4  main.o(.text.WaitForMs)
    __NVIC_SetPriority                       0x08002491   Thumb Code   124  main.o(.text.__NVIC_SetPriority)
    [Anonymous Symbol]                       0x08002490   Section        0  main.o(.text.__NVIC_SetPriority)
    __arm_cp.6_0                             0x0800250c   Number         4  main.o(.text.__NVIC_SetPriority)
    __arm_cp.6_1                             0x08002510   Number         4  main.o(.text.__NVIC_SetPriority)
    [Anonymous Symbol]                       0x08002514   Section        0  main.o(.text.main)
    __arm_cp.0_0                             0x0800266c   Number         4  main.o(.text.main)
    __arm_cp.0_1                             0x08002670   Number         4  main.o(.text.main)
    __arm_cp.0_2                             0x08002674   Number         4  main.o(.text.main)
    __arm_cp.0_3                             0x08002678   Number         4  main.o(.text.main)
    __arm_cp.0_4                             0x0800267c   Number         4  main.o(.text.main)
    __arm_cp.0_5                             0x08002680   Number         4  main.o(.text.main)
    __arm_cp.0_6                             0x08002684   Number         4  main.o(.text.main)
    __arm_cp.0_7                             0x08002688   Number         4  main.o(.text.main)
    __arm_cp.0_8                             0x0800268c   Number         4  main.o(.text.main)
    __arm_cp.0_9                             0x08002690   Number         4  main.o(.text.main)
    __arm_cp.0_10                            0x08002694   Number         4  main.o(.text.main)
    __arm_cp.0_11                            0x08002698   Number         4  main.o(.text.main)
    __arm_cp.0_12                            0x0800269c   Number         4  main.o(.text.main)
    i.__ARM_common_ll_muluu                  0x080026a0   Section        0  btod.o(i.__ARM_common_ll_muluu)
    i.__ARM_fpclassify                       0x080026d0   Section        0  fpclassify.o(i.__ARM_fpclassify)
    i._is_digit                              0x080026fc   Section        0  __printf_wp.o(i._is_digit)
    locale$$code                             0x0800270c   Section       44  lc_numeric_c.o(locale$$code)
    locale$$code                             0x08002738   Section       44  lc_ctype_c.o(locale$$code)
    x$fpl$printf1                            0x08002764   Section       16  printf1.o(x$fpl$printf1)
    x$fpl$printf2                            0x08002774   Section       16  printf2.o(x$fpl$printf2)
    initial_mbstate                          0x08002784   Data           8  _printf_wctomb.o(.constdata)
    .constdata                               0x08002784   Section        8  _printf_wctomb.o(.constdata)
    x$fpl$usenofp                            0x08002784   Section        0  usenofp.o(x$fpl$usenofp)
    uc_hextab                                0x0800278c   Data          20  _printf_hex_int_ll_ptr.o(.constdata)
    .constdata                               0x0800278c   Section       40  _printf_hex_int_ll_ptr.o(.constdata)
    lc_hextab                                0x080027a0   Data          20  _printf_hex_int_ll_ptr.o(.constdata)
    maptable                                 0x080027b4   Data          17  __printf_flags_ss_wp.o(.constdata)
    .constdata                               0x080027b4   Section       17  __printf_flags_ss_wp.o(.constdata)
    lc_hextab                                0x080027c5   Data          19  _printf_fp_hex.o(.constdata)
    .constdata                               0x080027c5   Section       38  _printf_fp_hex.o(.constdata)
    uc_hextab                                0x080027d8   Data          19  _printf_fp_hex.o(.constdata)
    tenpwrs_x                                0x080027ec   Data          60  bigflt0.o(.constdata)
    .constdata                               0x080027ec   Section      148  bigflt0.o(.constdata)
    tenpwrs_i                                0x08002828   Data          64  bigflt0.o(.constdata)
    [Anonymous Symbol]                       0x08002890   Section        0  main.o(.rodata.str1.1)
    locale$$data                             0x080028fc   Section       28  lc_numeric_c.o(locale$$data)
    __lcnum_c_name                           0x08002900   Data           2  lc_numeric_c.o(locale$$data)
    __lcnum_c_start                          0x08002908   Data           0  lc_numeric_c.o(locale$$data)
    __lcnum_c_point                          0x08002914   Data           0  lc_numeric_c.o(locale$$data)
    __lcnum_c_thousands                      0x08002916   Data           0  lc_numeric_c.o(locale$$data)
    __lcnum_c_grouping                       0x08002917   Data           0  lc_numeric_c.o(locale$$data)
    __lcnum_c_end                            0x08002918   Data           0  lc_numeric_c.o(locale$$data)
    locale$$data                             0x08002918   Section      272  lc_ctype_c.o(locale$$data)
    __lcctype_c_name                         0x0800291c   Data           2  lc_ctype_c.o(locale$$data)
    __lcctype_c_start                        0x08002924   Data           0  lc_ctype_c.o(locale$$data)
    __lcctype_c_end                          0x08002a28   Data           0  lc_ctype_c.o(locale$$data)
    .bss                                     0x20000008   Section       96  libspace.o(.bss)
    count                                    0x20000068   Data           1  main.o(.bss.count)
    [Anonymous Symbol]                       0x20000068   Section        0  main.o(.bss.count)
    text                                     0x20000069   Data         101  main.o(.bss.text)
    [Anonymous Symbol]                       0x20000069   Section        0  main.o(.bss.text)
    ticks                                    0x200000d0   Data           4  main.o(.bss.ticks)
    [Anonymous Symbol]                       0x200000d0   Section        0  main.o(.bss.ticks)
    touch1Help                               0x200000d4   Data           1  main.o(.bss.touch1Help)
    [Anonymous Symbol]                       0x200000d4   Section        0  main.o(.bss.touch1Help)
    touch2Help                               0x200000d5   Data           1  main.o(.bss.touch2Help)
    [Anonymous Symbol]                       0x200000d5   Section        0  main.o(.bss.touch2Help)
    touch3Help                               0x200000d6   Data           1  main.o(.bss.touch3Help)
    [Anonymous Symbol]                       0x200000d6   Section        0  main.o(.bss.touch3Help)
    touchStatus                              0x200000d8   Data           2  main.o(.bss.touchStatus)
    [Anonymous Symbol]                       0x200000d8   Section        0  main.o(.bss.touchStatus)
    touchStatusOld                           0x200000da   Data           2  main.o(.bss.touchStatusOld)
    [Anonymous Symbol]                       0x200000da   Section        0  main.o(.bss.touchStatusOld)
    Heap_Mem                                 0x200000e0   Data         512  startup_stm32f091xc.o(HEAP)
    HEAP                                     0x200000e0   Section      512  startup_stm32f091xc.o(HEAP)
    Stack_Mem                                0x200002e0   Data        1024  startup_stm32f091xc.o(STACK)
    STACK                                    0x200002e0   Section     1024  startup_stm32f091xc.o(STACK)
    __initial_sp                             0x200006e0   Data           0  startup_stm32f091xc.o(STACK)

    Global Symbols

    Symbol Name                              Value     Ov Type        Size  Object(Section)

    BuildAttributes$$THM_ISAv3M$S$PE$A:L22$X:L11$S22$IEEE1$IW$~IW$USESV6$~STKCKD$USESV7$~SHL$OTIME$ROPI$IEEEJ$EBA8$UX$STANDARDLIB$REQ8$PRES8$EABIv2 0x00000000   Number         0  anon$$obj.o ABSOLUTE
    _printf_flags                            0x00000000   Number         0  printf_stubs.o ABSOLUTE
    _printf_return_value                     0x00000000   Number         0  printf_stubs.o ABSOLUTE
    _printf_sizespec                         0x00000000   Number         0  printf_stubs.o ABSOLUTE
    _printf_widthprec                        0x00000000   Number         0  printf_stubs.o ABSOLUTE
    __ARM_exceptions_init                     - Undefined Weak Reference
    __alloca_initialize                       - Undefined Weak Reference
    __arm_preinit_                            - Undefined Weak Reference
    __arm_relocate_pie_                       - Undefined Weak Reference
    __cpp_initialize__aeabi_                  - Undefined Weak Reference
    __cxa_finalize                            - Undefined Weak Reference
    __sigvec_lookup                           - Undefined Weak Reference
    _atexit_init                              - Undefined Weak Reference
    _call_atexit_fns                          - Undefined Weak Reference
    _clock_init                               - Undefined Weak Reference
    _fp_trap_init                             - Undefined Weak Reference
    _fp_trap_shutdown                         - Undefined Weak Reference
    _get_lc_collate                           - Undefined Weak Reference
    _get_lc_monetary                          - Undefined Weak Reference
    _get_lc_time                              - Undefined Weak Reference
    _getenv_init                              - Undefined Weak Reference
    _handle_redirection                       - Undefined Weak Reference
    _init_alloc                               - Undefined Weak Reference
    _init_user_alloc                          - Undefined Weak Reference
    _initio                                   - Undefined Weak Reference
    _printf_mbtowc                            - Undefined Weak Reference
    _printf_wc                                - Undefined Weak Reference
    _rand_init                                - Undefined Weak Reference
    _signal_finish                            - Undefined Weak Reference
    _signal_init                              - Undefined Weak Reference
    _terminate_alloc                          - Undefined Weak Reference
    _terminate_user_alloc                     - Undefined Weak Reference
    _terminateio                              - Undefined Weak Reference
    __Vectors_Size                           0x000000bc   Number         0  startup_stm32f091xc.o ABSOLUTE
    __Vectors                                0x08000000   Data           4  startup_stm32f091xc.o(RESET)
    __Vectors_End                            0x080000bc   Data           0  startup_stm32f091xc.o(RESET)
    __main                                   0x080000bd   Thumb Code     8  __main.o(!!!main)
    __scatterload                            0x080000c5   Thumb Code     0  __scatter.o(!!!scatter)
    __scatterload_rt2                        0x080000c5   Thumb Code    74  __scatter.o(!!!scatter)
    __scatterload_rt2_thumb_only             0x080000c5   Thumb Code     0  __scatter.o(!!!scatter)
    __scatterload_loop                       0x080000cf   Thumb Code     0  __scatter.o(!!!scatter)
    __scatterload_copy                       0x08000119   Thumb Code    26  __scatter_copy.o(!!handler_copy)
    __scatterload_null                       0x08000135   Thumb Code     2  __scatter.o(!!handler_null)
    __scatterload_zeroinit                   0x08000139   Thumb Code    28  __scatter_zi.o(!!handler_zi)
    _printf_percent                          0x08000155   Thumb Code     0  _printf_percent.o(.ARM.Collect$$_printf_percent$$00000000)
    _printf_n                                0x08000157   Thumb Code     0  _printf_n.o(.ARM.Collect$$_printf_percent$$00000001)
    _printf_p                                0x08000161   Thumb Code     0  _printf_p.o(.ARM.Collect$$_printf_percent$$00000002)
    _printf_f                                0x0800016b   Thumb Code     0  _printf_f.o(.ARM.Collect$$_printf_percent$$00000003)
    _printf_e                                0x08000175   Thumb Code     0  _printf_e.o(.ARM.Collect$$_printf_percent$$00000004)
    _printf_g                                0x0800017f   Thumb Code     0  _printf_g.o(.ARM.Collect$$_printf_percent$$00000005)
    _printf_a                                0x08000189   Thumb Code     0  _printf_a.o(.ARM.Collect$$_printf_percent$$00000006)
    _printf_ll                               0x08000193   Thumb Code     0  _printf_ll.o(.ARM.Collect$$_printf_percent$$00000007)
    _printf_i                                0x0800019d   Thumb Code     0  _printf_i.o(.ARM.Collect$$_printf_percent$$00000008)
    _printf_d                                0x080001a7   Thumb Code     0  _printf_d.o(.ARM.Collect$$_printf_percent$$00000009)
    _printf_u                                0x080001b1   Thumb Code     0  _printf_u.o(.ARM.Collect$$_printf_percent$$0000000A)
    _printf_o                                0x080001bb   Thumb Code     0  _printf_o.o(.ARM.Collect$$_printf_percent$$0000000B)
    _printf_x                                0x080001c5   Thumb Code     0  _printf_x.o(.ARM.Collect$$_printf_percent$$0000000C)
    _printf_lli                              0x080001cf   Thumb Code     0  _printf_lli.o(.ARM.Collect$$_printf_percent$$0000000D)
    _printf_lld                              0x080001d9   Thumb Code     0  _printf_lld.o(.ARM.Collect$$_printf_percent$$0000000E)
    _printf_llu                              0x080001e3   Thumb Code     0  _printf_llu.o(.ARM.Collect$$_printf_percent$$0000000F)
    _printf_llo                              0x080001ed   Thumb Code     0  _printf_llo.o(.ARM.Collect$$_printf_percent$$00000010)
    _printf_llx                              0x080001f7   Thumb Code     0  _printf_llx.o(.ARM.Collect$$_printf_percent$$00000011)
    _printf_l                                0x08000201   Thumb Code     0  _printf_l.o(.ARM.Collect$$_printf_percent$$00000012)
    _printf_c                                0x0800020b   Thumb Code     0  _printf_c.o(.ARM.Collect$$_printf_percent$$00000013)
    _printf_s                                0x08000215   Thumb Code     0  _printf_s.o(.ARM.Collect$$_printf_percent$$00000014)
    _printf_lc                               0x0800021f   Thumb Code     0  _printf_lc.o(.ARM.Collect$$_printf_percent$$00000015)
    _printf_ls                               0x08000229   Thumb Code     0  _printf_ls.o(.ARM.Collect$$_printf_percent$$00000016)
    _printf_percent_end                      0x08000233   Thumb Code     0  _printf_percent_end.o(.ARM.Collect$$_printf_percent$$00000017)
    __rt_lib_init                            0x08000237   Thumb Code     0  libinit.o(.ARM.Collect$$libinit$$00000000)
    __rt_lib_init_fp_1                       0x08000239   Thumb Code     0  libinit2.o(.ARM.Collect$$libinit$$00000002)
    __rt_lib_init_heap_1                     0x08000239   Thumb Code     0  libinit2.o(.ARM.Collect$$libinit$$0000000C)
    __rt_lib_init_lc_common                  0x08000239   Thumb Code     0  libinit2.o(.ARM.Collect$$libinit$$00000011)
    __rt_lib_init_preinit_1                  0x08000239   Thumb Code     0  libinit2.o(.ARM.Collect$$libinit$$00000006)
    __rt_lib_init_rand_1                     0x08000239   Thumb Code     0  libinit2.o(.ARM.Collect$$libinit$$00000010)
    __rt_lib_init_relocate_pie_1             0x08000239   Thumb Code     0  libinit2.o(.ARM.Collect$$libinit$$00000004)
    __rt_lib_init_user_alloc_1               0x08000239   Thumb Code     0  libinit2.o(.ARM.Collect$$libinit$$0000000E)
    __rt_lib_init_lc_collate_1               0x0800023f   Thumb Code     0  libinit2.o(.ARM.Collect$$libinit$$00000013)
    __rt_lib_init_lc_ctype_2                 0x0800023f   Thumb Code     0  libinit2.o(.ARM.Collect$$libinit$$00000014)
    __rt_lib_init_lc_ctype_1                 0x0800024b   Thumb Code     0  libinit2.o(.ARM.Collect$$libinit$$00000015)
    __rt_lib_init_lc_monetary_1              0x0800024b   Thumb Code     0  libinit2.o(.ARM.Collect$$libinit$$00000017)
    __rt_lib_init_lc_numeric_2               0x0800024b   Thumb Code     0  libinit2.o(.ARM.Collect$$libinit$$00000018)
    __rt_lib_init_alloca_1                   0x08000255   Thumb Code     0  libinit2.o(.ARM.Collect$$libinit$$00000030)
    __rt_lib_init_argv_1                     0x08000255   Thumb Code     0  libinit2.o(.ARM.Collect$$libinit$$0000002E)
    __rt_lib_init_atexit_1                   0x08000255   Thumb Code     0  libinit2.o(.ARM.Collect$$libinit$$0000001D)
    __rt_lib_init_clock_1                    0x08000255   Thumb Code     0  libinit2.o(.ARM.Collect$$libinit$$00000023)
    __rt_lib_init_cpp_1                      0x08000255   Thumb Code     0  libinit2.o(.ARM.Collect$$libinit$$00000034)
    __rt_lib_init_exceptions_1               0x08000255   Thumb Code     0  libinit2.o(.ARM.Collect$$libinit$$00000032)
    __rt_lib_init_fp_trap_1                  0x08000255   Thumb Code     0  libinit2.o(.ARM.Collect$$libinit$$00000021)
    __rt_lib_init_getenv_1                   0x08000255   Thumb Code     0  libinit2.o(.ARM.Collect$$libinit$$00000025)
    __rt_lib_init_lc_numeric_1               0x08000255   Thumb Code     0  libinit2.o(.ARM.Collect$$libinit$$00000019)
    __rt_lib_init_lc_time_1                  0x08000255   Thumb Code     0  libinit2.o(.ARM.Collect$$libinit$$0000001B)
    __rt_lib_init_return                     0x08000255   Thumb Code     0  libinit2.o(.ARM.Collect$$libinit$$00000035)
    __rt_lib_init_signal_1                   0x08000255   Thumb Code     0  libinit2.o(.ARM.Collect$$libinit$$0000001F)
    __rt_lib_init_stdio_1                    0x08000255   Thumb Code     0  libinit2.o(.ARM.Collect$$libinit$$00000027)
    __rt_lib_shutdown                        0x08000257   Thumb Code     0  libshutdown.o(.ARM.Collect$$libshutdown$$00000000)
    __rt_lib_shutdown_cpp_1                  0x08000259   Thumb Code     0  libshutdown2.o(.ARM.Collect$$libshutdown$$00000002)
    __rt_lib_shutdown_fp_trap_1              0x08000259   Thumb Code     0  libshutdown2.o(.ARM.Collect$$libshutdown$$00000007)
    __rt_lib_shutdown_heap_1                 0x08000259   Thumb Code     0  libshutdown2.o(.ARM.Collect$$libshutdown$$0000000F)
    __rt_lib_shutdown_return                 0x08000259   Thumb Code     0  libshutdown2.o(.ARM.Collect$$libshutdown$$00000010)
    __rt_lib_shutdown_signal_1               0x08000259   Thumb Code     0  libshutdown2.o(.ARM.Collect$$libshutdown$$0000000A)
    __rt_lib_shutdown_stdio_1                0x08000259   Thumb Code     0  libshutdown2.o(.ARM.Collect$$libshutdown$$00000004)
    __rt_lib_shutdown_user_alloc_1           0x08000259   Thumb Code     0  libshutdown2.o(.ARM.Collect$$libshutdown$$0000000C)
    __rt_entry                               0x0800025b   Thumb Code     0  __rtentry.o(.ARM.Collect$$rtentry$$00000000)
    __rt_entry_presh_1                       0x0800025b   Thumb Code     0  __rtentry2.o(.ARM.Collect$$rtentry$$00000002)
    __rt_entry_sh                            0x0800025b   Thumb Code     0  __rtentry4.o(.ARM.Collect$$rtentry$$00000004)
    __rt_entry_li                            0x08000261   Thumb Code     0  __rtentry2.o(.ARM.Collect$$rtentry$$0000000A)
    __rt_entry_postsh_1                      0x08000261   Thumb Code     0  __rtentry2.o(.ARM.Collect$$rtentry$$00000009)
    __rt_entry_main                          0x08000265   Thumb Code     0  __rtentry2.o(.ARM.Collect$$rtentry$$0000000D)
    __rt_entry_postli_1                      0x08000265   Thumb Code     0  __rtentry2.o(.ARM.Collect$$rtentry$$0000000C)
    __rt_exit                                0x0800026d   Thumb Code     0  rtexit.o(.ARM.Collect$$rtexit$$00000000)
    __rt_exit_ls                             0x0800026f   Thumb Code     0  rtexit2.o(.ARM.Collect$$rtexit$$00000003)
    __rt_exit_prels_1                        0x0800026f   Thumb Code     0  rtexit2.o(.ARM.Collect$$rtexit$$00000002)
    __rt_exit_exit                           0x08000273   Thumb Code     0  rtexit2.o(.ARM.Collect$$rtexit$$00000004)
    Reset_Handler                            0x08000279   Thumb Code     8  startup_stm32f091xc.o(.text)
    NMI_Handler                              0x08000281   Thumb Code     2  startup_stm32f091xc.o(.text)
    HardFault_Handler                        0x08000283   Thumb Code     2  startup_stm32f091xc.o(.text)
    SVC_Handler                              0x08000285   Thumb Code     2  startup_stm32f091xc.o(.text)
    PendSV_Handler                           0x08000287   Thumb Code     2  startup_stm32f091xc.o(.text)
    ADC1_COMP_IRQHandler                     0x0800028b   Thumb Code     0  startup_stm32f091xc.o(.text)
    CEC_CAN_IRQHandler                       0x0800028b   Thumb Code     0  startup_stm32f091xc.o(.text)
    DMA1_Ch1_IRQHandler                      0x0800028b   Thumb Code     0  startup_stm32f091xc.o(.text)
    DMA1_Ch2_3_DMA2_Ch1_2_IRQHandler         0x0800028b   Thumb Code     0  startup_stm32f091xc.o(.text)
    DMA1_Ch4_7_DMA2_Ch3_5_IRQHandler         0x0800028b   Thumb Code     0  startup_stm32f091xc.o(.text)
    EXTI0_1_IRQHandler                       0x0800028b   Thumb Code     0  startup_stm32f091xc.o(.text)
    EXTI2_3_IRQHandler                       0x0800028b   Thumb Code     0  startup_stm32f091xc.o(.text)
    EXTI4_15_IRQHandler                      0x0800028b   Thumb Code     0  startup_stm32f091xc.o(.text)
    FLASH_IRQHandler                         0x0800028b   Thumb Code     0  startup_stm32f091xc.o(.text)
    I2C1_IRQHandler                          0x0800028b   Thumb Code     0  startup_stm32f091xc.o(.text)
    I2C2_IRQHandler                          0x0800028b   Thumb Code     0  startup_stm32f091xc.o(.text)
    PVD_VDDIO2_IRQHandler                    0x0800028b   Thumb Code     0  startup_stm32f091xc.o(.text)
    RCC_CRS_IRQHandler                       0x0800028b   Thumb Code     0  startup_stm32f091xc.o(.text)
    RTC_IRQHandler                           0x0800028b   Thumb Code     0  startup_stm32f091xc.o(.text)
    SPI1_IRQHandler                          0x0800028b   Thumb Code     0  startup_stm32f091xc.o(.text)
    SPI2_IRQHandler                          0x0800028b   Thumb Code     0  startup_stm32f091xc.o(.text)
    TIM14_IRQHandler                         0x0800028b   Thumb Code     0  startup_stm32f091xc.o(.text)
    TIM15_IRQHandler                         0x0800028b   Thumb Code     0  startup_stm32f091xc.o(.text)
    TIM16_IRQHandler                         0x0800028b   Thumb Code     0  startup_stm32f091xc.o(.text)
    TIM17_IRQHandler                         0x0800028b   Thumb Code     0  startup_stm32f091xc.o(.text)
    TIM1_BRK_UP_TRG_COM_IRQHandler           0x0800028b   Thumb Code     0  startup_stm32f091xc.o(.text)
    TIM1_CC_IRQHandler                       0x0800028b   Thumb Code     0  startup_stm32f091xc.o(.text)
    TIM2_IRQHandler                          0x0800028b   Thumb Code     0  startup_stm32f091xc.o(.text)
    TIM3_IRQHandler                          0x0800028b   Thumb Code     0  startup_stm32f091xc.o(.text)
    TIM6_DAC_IRQHandler                      0x0800028b   Thumb Code     0  startup_stm32f091xc.o(.text)
    TIM7_IRQHandler                          0x0800028b   Thumb Code     0  startup_stm32f091xc.o(.text)
    TSC_IRQHandler                           0x0800028b   Thumb Code     0  startup_stm32f091xc.o(.text)
    USART1_IRQHandler                        0x0800028b   Thumb Code     0  startup_stm32f091xc.o(.text)
    USART2_IRQHandler                        0x0800028b   Thumb Code     0  startup_stm32f091xc.o(.text)
    USART3_8_IRQHandler                      0x0800028b   Thumb Code     0  startup_stm32f091xc.o(.text)
    WWDG_IRQHandler                          0x0800028b   Thumb Code     0  startup_stm32f091xc.o(.text)
    __user_initial_stackheap                 0x0800028d   Thumb Code     0  startup_stm32f091xc.o(.text)
    sprintf                                  0x080002b1   Thumb Code    40  sprintf.o(.text)
    __aeabi_uidiv                            0x080002dd   Thumb Code     0  aeabi_sdiv.o(.text)
    __aeabi_uidivmod                         0x080002dd   Thumb Code    20  aeabi_sdiv.o(.text)
    __aeabi_idiv                             0x080002f1   Thumb Code     0  aeabi_sdiv.o(.text)
    __aeabi_idivmod                          0x080002f1   Thumb Code   338  aeabi_sdiv.o(.text)
    __use_two_region_memory                  0x08000449   Thumb Code     2  heapauxi.o(.text)
    __rt_heap_escrow$2region                 0x0800044b   Thumb Code     2  heapauxi.o(.text)
    __rt_heap_expand$2region                 0x0800044d   Thumb Code     2  heapauxi.o(.text)
    _printf_pre_padding                      0x0800044f   Thumb Code    44  _printf_pad.o(.text)
    _printf_post_padding                     0x0800047b   Thumb Code    34  _printf_pad.o(.text)
    _printf_truncate_signed                  0x0800049d   Thumb Code    18  _printf_truncate.o(.text)
    _printf_truncate_unsigned                0x080004af   Thumb Code    18  _printf_truncate.o(.text)
    _printf_str                              0x080004c1   Thumb Code    82  _printf_str.o(.text)
    _printf_int_dec                          0x08000515   Thumb Code    90  _printf_dec.o(.text)
    _printf_charcount                        0x08000581   Thumb Code    38  _printf_charcount.o(.text)
    _printf_char_common                      0x080005b3   Thumb Code    32  _printf_char_common.o(.text)
    _sputc                                   0x080005d9   Thumb Code    10  _sputc.o(.text)
    _printf_wctomb                           0x080005e5   Thumb Code   182  _printf_wctomb.o(.text)
    _printf_longlong_dec                     0x080006a1   Thumb Code    94  _printf_longlong_dec.o(.text)
    _printf_longlong_oct                     0x08000711   Thumb Code    68  _printf_oct_int_ll.o(.text)
    _printf_int_oct                          0x08000755   Thumb Code    24  _printf_oct_int_ll.o(.text)
    _printf_ll_oct                           0x0800076d   Thumb Code    10  _printf_oct_int_ll.o(.text)
    _printf_longlong_hex                     0x08000781   Thumb Code    88  _printf_hex_int_ll_ptr.o(.text)
    _printf_int_hex                          0x080007d9   Thumb Code    28  _printf_hex_int_ll_ptr.o(.text)
    _printf_ll_hex                           0x080007f5   Thumb Code    10  _printf_hex_int_ll_ptr.o(.text)
    _printf_hex_ptr                          0x080007ff   Thumb Code    22  _printf_hex_int_ll_ptr.o(.text)
    __printf                                 0x08000819   Thumb Code   386  __printf_flags_ss_wp.o(.text)
    _ll_udiv10                               0x080009a1   Thumb Code   122  lludiv10.o(.text)
    _printf_int_common                       0x08000a1b   Thumb Code   176  _printf_intcommon.o(.text)
    _printf_fp_dec_real                      0x08000c69   Thumb Code   620  _printf_fp_dec.o(.text)
    _printf_fp_hex_real                      0x08000ee1   Thumb Code   718  _printf_fp_hex.o(.text)
    _printf_cs_common                        0x080011b9   Thumb Code    22  _printf_char.o(.text)
    _printf_char                             0x080011cf   Thumb Code    16  _printf_char.o(.text)
    _printf_string                           0x080011df   Thumb Code     8  _printf_char.o(.text)
    _printf_lcs_common                       0x080011e7   Thumb Code    22  _printf_wchar.o(.text)
    _printf_wchar                            0x080011fd   Thumb Code    16  _printf_wchar.o(.text)
    _printf_wstring                          0x0800120d   Thumb Code     8  _printf_wchar.o(.text)
    _c16rtomb                                0x08001215   Thumb Code    66  _c16rtomb.o(.text)
    _wcrtomb                                 0x08001215   Thumb Code     0  _c16rtomb.o(.text)
    __rt_udiv10                              0x08001257   Thumb Code    40  rtudiv10.o(.text)
    __user_setup_stackheap                   0x0800127f   Thumb Code    62  sys_stackheap_outer.o(.text)
    __rt_ctype_table                         0x080012bd   Thumb Code    16  rt_ctype_table.o(.text)
    __rt_locale                              0x080012cd   Thumb Code     8  rt_locale_intlibspace.o(.text)
    _printf_fp_infnan                        0x080012d5   Thumb Code   120  _printf_fp_infnan.o(.text)
    _btod_etento                             0x0800135d   Thumb Code   210  bigflt0.o(.text)
    _btod_d2e                                0x08001435   Thumb Code    64  btod.o(.text)
    _btod_emul                               0x08001869   Thumb Code    28  btod.o(.text)
    _btod_emuld                              0x08001885   Thumb Code   144  btod.o(.text)
    _btod_ediv                               0x08001915   Thumb Code    26  btod.o(.text)
    _btod_edivd                              0x0800192f   Thumb Code   124  btod.o(.text)
    exit                                     0x080019b5   Thumb Code    16  exit.o(.text)
    __user_libspace                          0x080019c5   Thumb Code     8  libspace.o(.text)
    __user_perproc_libspace                  0x080019c5   Thumb Code     0  libspace.o(.text)
    __user_perthread_libspace                0x080019c5   Thumb Code     0  libspace.o(.text)
    strcmp                                   0x080019cd   Thumb Code   132  strcmp.o(.text)
    _sys_exit                                0x08001a55   Thumb Code     8  sys_exit.o(.text)
    __I$use$semihosting                      0x08001a61   Thumb Code     0  use_no_semi.o(.text)
    __use_no_semihosting_swi                 0x08001a61   Thumb Code     2  use_no_semi.o(.text)
    __semihosting_library_function           0x08001a63   Thumb Code     0  indicate_semi.o(.text)
    ByteToLeds                               0x08001a65   Thumb Code   308  leds.o(.text.ByteToLeds)
    I2C1ReadRegister                         0x08001ba5   Thumb Code   260  i2c1.o(.text.I2C1ReadRegister)
    I2C1WriteRegister                        0x08001cad   Thumb Code   180  i2c1.o(.text.I2C1WriteRegister)
    InitAd                                   0x08001d69   Thumb Code    76  ad.o(.text.InitAd)
    InitButtons                              0x08001dc9   Thumb Code    80  buttons.o(.text.InitButtons)
    InitI2C1                                 0x08001e19   Thumb Code   100  i2c1.o(.text.InitI2C1)
    InitIo                                   0x08001e95   Thumb Code     2  main.o(.text.InitIo)
    InitLeds                                 0x08001e99   Thumb Code   156  leds.o(.text.InitLeds)
    InitMpr121                               0x08001f41   Thumb Code   228  mpr121.o(.text.InitMpr121)
    InitSpi1                                 0x08002025   Thumb Code   196  spi1.o(.text.InitSpi1)
    InitUsart2                               0x08002101   Thumb Code   120  usart2.o(.text.InitUsart2)
    Mpr121GetTouchStatus                     0x08002191   Thumb Code    34  mpr121.o(.text.Mpr121GetTouchStatus)
    SW1Active                                0x080021b5   Thumb Code    40  buttons.o(.text.SW1Active)
    StringToUsart2                           0x080021e1   Thumb Code    68  usart2.o(.text.StringToUsart2)
    SysTick_Handler                          0x0800227d   Thumb Code    12  main.o(.text.SysTick_Handler)
    SystemClock_Config                       0x08002289   Thumb Code   208  main.o(.text.SystemClock_Config)
    SystemCoreClockUpdate                    0x08002365   Thumb Code   232  system_stm32f0xx.o(.text.SystemCoreClockUpdate)
    SystemInit                               0x08002465   Thumb Code     2  system_stm32f0xx.o(.text.SystemInit)
    WaitForMs                                0x08002469   Thumb Code    36  main.o(.text.WaitForMs)
    main                                     0x08002515   Thumb Code   344  main.o(.text.main)
    __ARM_common_ll_muluu                    0x080026a1   Thumb Code    48  btod.o(i.__ARM_common_ll_muluu)
    __ARM_fpclassify                         0x080026d1   Thumb Code    40  fpclassify.o(i.__ARM_fpclassify)
    _is_digit                                0x080026fd   Thumb Code    14  __printf_wp.o(i._is_digit)
    _get_lc_numeric                          0x0800270d   Thumb Code    44  lc_numeric_c.o(locale$$code)
    _get_lc_ctype                            0x08002739   Thumb Code    44  lc_ctype_c.o(locale$$code)
    _printf_fp_dec                           0x08002765   Thumb Code    16  printf1.o(x$fpl$printf1)
    _printf_fp_hex                           0x08002775   Thumb Code    16  printf2.o(x$fpl$printf2)
    __I$use$fp                               0x08002784   Number         0  usenofp.o(x$fpl$usenofp)
    AHBPrescTable                            0x08002880   Data          16  system_stm32f0xx.o(.rodata.AHBPrescTable)
    Region$$Table$$Base                      0x080028dc   Number         0  anon$$obj.o(Region$$Table)
    Region$$Table$$Limit                     0x080028fc   Number         0  anon$$obj.o(Region$$Table)
    __ctype                                  0x08002925   Data           0  lc_ctype_c.o(locale$$data)
    SystemCoreClock                          0x20000000   Data           4  system_stm32f0xx.o(.data.SystemCoreClock)
    __libspace_start                         0x20000008   Data          96  libspace.o(.bss)
    __temporary_stack_top$libspace           0x20000068   Data           0  libspace.o(.bss)



==============================================================================

Memory Map of the image

  Image Entry point : 0x08000279

  Load Region LR_1 (Base: 0x08000000, Size: 0x00002a2c, Max: 0xffffffff, ABSOLUTE)

    Execution Region ER_RO (Exec base: 0x08000000, Load base: 0x08000000, Size: 0x00002a28, Max: 0xffffffff, ABSOLUTE)

    Exec Addr    Load Addr    Size         Type   Attr      Idx    E Section Name        Object

    0x08000000   0x08000000   0x000000bc   Data   RO          140    RESET               startup_stm32f091xc.o
    0x080000bc   0x080000bc   0x00000008   Code   RO          171  * !!!main             c_p.l(__main.o)
    0x080000c4   0x080000c4   0x00000054   Code   RO          504    !!!scatter          c_p.l(__scatter.o)
    0x08000118   0x08000118   0x0000001a   Code   RO          508    !!handler_copy      c_p.l(__scatter_copy.o)
    0x08000132   0x08000132   0x00000002   PAD
    0x08000134   0x08000134   0x00000002   Code   RO          505    !!handler_null      c_p.l(__scatter.o)
    0x08000136   0x08000136   0x00000002   PAD
    0x08000138   0x08000138   0x0000001c   Code   RO          510    !!handler_zi        c_p.l(__scatter_zi.o)
    0x08000154   0x08000154   0x00000002   Code   RO          259    .ARM.Collect$$_printf_percent$$00000000  c_p.l(_printf_percent.o)
    0x08000156   0x08000156   0x0000000a   Code   RO          248    .ARM.Collect$$_printf_percent$$00000001  c_p.l(_printf_n.o)
    0x08000160   0x08000160   0x0000000a   Code   RO          250    .ARM.Collect$$_printf_percent$$00000002  c_p.l(_printf_p.o)
    0x0800016a   0x0800016a   0x0000000a   Code   RO          255    .ARM.Collect$$_printf_percent$$00000003  c_p.l(_printf_f.o)
    0x08000174   0x08000174   0x0000000a   Code   RO          256    .ARM.Collect$$_printf_percent$$00000004  c_p.l(_printf_e.o)
    0x0800017e   0x0800017e   0x0000000a   Code   RO          257    .ARM.Collect$$_printf_percent$$00000005  c_p.l(_printf_g.o)
    0x08000188   0x08000188   0x0000000a   Code   RO          258    .ARM.Collect$$_printf_percent$$00000006  c_p.l(_printf_a.o)
    0x08000192   0x08000192   0x0000000a   Code   RO          263    .ARM.Collect$$_printf_percent$$00000007  c_p.l(_printf_ll.o)
    0x0800019c   0x0800019c   0x0000000a   Code   RO          252    .ARM.Collect$$_printf_percent$$00000008  c_p.l(_printf_i.o)
    0x080001a6   0x080001a6   0x0000000a   Code   RO          253    .ARM.Collect$$_printf_percent$$00000009  c_p.l(_printf_d.o)
    0x080001b0   0x080001b0   0x0000000a   Code   RO          254    .ARM.Collect$$_printf_percent$$0000000A  c_p.l(_printf_u.o)
    0x080001ba   0x080001ba   0x0000000a   Code   RO          251    .ARM.Collect$$_printf_percent$$0000000B  c_p.l(_printf_o.o)
    0x080001c4   0x080001c4   0x0000000a   Code   RO          249    .ARM.Collect$$_printf_percent$$0000000C  c_p.l(_printf_x.o)
    0x080001ce   0x080001ce   0x0000000a   Code   RO          260    .ARM.Collect$$_printf_percent$$0000000D  c_p.l(_printf_lli.o)
    0x080001d8   0x080001d8   0x0000000a   Code   RO          261    .ARM.Collect$$_printf_percent$$0000000E  c_p.l(_printf_lld.o)
    0x080001e2   0x080001e2   0x0000000a   Code   RO          262    .ARM.Collect$$_printf_percent$$0000000F  c_p.l(_printf_llu.o)
    0x080001ec   0x080001ec   0x0000000a   Code   RO          267    .ARM.Collect$$_printf_percent$$00000010  c_p.l(_printf_llo.o)
    0x080001f6   0x080001f6   0x0000000a   Code   RO          268    .ARM.Collect$$_printf_percent$$00000011  c_p.l(_printf_llx.o)
    0x08000200   0x08000200   0x0000000a   Code   RO          264    .ARM.Collect$$_printf_percent$$00000012  c_p.l(_printf_l.o)
    0x0800020a   0x0800020a   0x0000000a   Code   RO          246    .ARM.Collect$$_printf_percent$$00000013  c_p.l(_printf_c.o)
    0x08000214   0x08000214   0x0000000a   Code   RO          247    .ARM.Collect$$_printf_percent$$00000014  c_p.l(_printf_s.o)
    0x0800021e   0x0800021e   0x0000000a   Code   RO          265    .ARM.Collect$$_printf_percent$$00000015  c_p.l(_printf_lc.o)
    0x08000228   0x08000228   0x0000000a   Code   RO          266    .ARM.Collect$$_printf_percent$$00000016  c_p.l(_printf_ls.o)
    0x08000232   0x08000232   0x00000004   Code   RO          311    .ARM.Collect$$_printf_percent$$00000017  c_p.l(_printf_percent_end.o)
    0x08000236   0x08000236   0x00000002   Code   RO          351    .ARM.Collect$$libinit$$00000000  c_p.l(libinit.o)
    0x08000238   0x08000238   0x00000000   Code   RO          377    .ARM.Collect$$libinit$$00000002  c_p.l(libinit2.o)
    0x08000238   0x08000238   0x00000000   Code   RO          379    .ARM.Collect$$libinit$$00000004  c_p.l(libinit2.o)
    0x08000238   0x08000238   0x00000000   Code   RO          381    .ARM.Collect$$libinit$$00000006  c_p.l(libinit2.o)
    0x08000238   0x08000238   0x00000000   Code   RO          384    .ARM.Collect$$libinit$$0000000C  c_p.l(libinit2.o)
    0x08000238   0x08000238   0x00000000   Code   RO          386    .ARM.Collect$$libinit$$0000000E  c_p.l(libinit2.o)
    0x08000238   0x08000238   0x00000000   Code   RO          388    .ARM.Collect$$libinit$$00000010  c_p.l(libinit2.o)
    0x08000238   0x08000238   0x00000006   Code   RO          389    .ARM.Collect$$libinit$$00000011  c_p.l(libinit2.o)
    0x0800023e   0x0800023e   0x00000000   Code   RO          391    .ARM.Collect$$libinit$$00000013  c_p.l(libinit2.o)
    0x0800023e   0x0800023e   0x0000000c   Code   RO          392    .ARM.Collect$$libinit$$00000014  c_p.l(libinit2.o)
    0x0800024a   0x0800024a   0x00000000   Code   RO          393    .ARM.Collect$$libinit$$00000015  c_p.l(libinit2.o)
    0x0800024a   0x0800024a   0x00000000   Code   RO          395    .ARM.Collect$$libinit$$00000017  c_p.l(libinit2.o)
    0x0800024a   0x0800024a   0x0000000a   Code   RO          396    .ARM.Collect$$libinit$$00000018  c_p.l(libinit2.o)
    0x08000254   0x08000254   0x00000000   Code   RO          397    .ARM.Collect$$libinit$$00000019  c_p.l(libinit2.o)
    0x08000254   0x08000254   0x00000000   Code   RO          399    .ARM.Collect$$libinit$$0000001B  c_p.l(libinit2.o)
    0x08000254   0x08000254   0x00000000   Code   RO          401    .ARM.Collect$$libinit$$0000001D  c_p.l(libinit2.o)
    0x08000254   0x08000254   0x00000000   Code   RO          403    .ARM.Collect$$libinit$$0000001F  c_p.l(libinit2.o)
    0x08000254   0x08000254   0x00000000   Code   RO          405    .ARM.Collect$$libinit$$00000021  c_p.l(libinit2.o)
    0x08000254   0x08000254   0x00000000   Code   RO          407    .ARM.Collect$$libinit$$00000023  c_p.l(libinit2.o)
    0x08000254   0x08000254   0x00000000   Code   RO          409    .ARM.Collect$$libinit$$00000025  c_p.l(libinit2.o)
    0x08000254   0x08000254   0x00000000   Code   RO          411    .ARM.Collect$$libinit$$00000027  c_p.l(libinit2.o)
    0x08000254   0x08000254   0x00000000   Code   RO          415    .ARM.Collect$$libinit$$0000002E  c_p.l(libinit2.o)
    0x08000254   0x08000254   0x00000000   Code   RO          417    .ARM.Collect$$libinit$$00000030  c_p.l(libinit2.o)
    0x08000254   0x08000254   0x00000000   Code   RO          419    .ARM.Collect$$libinit$$00000032  c_p.l(libinit2.o)
    0x08000254   0x08000254   0x00000000   Code   RO          421    .ARM.Collect$$libinit$$00000034  c_p.l(libinit2.o)
    0x08000254   0x08000254   0x00000002   Code   RO          422    .ARM.Collect$$libinit$$00000035  c_p.l(libinit2.o)
    0x08000256   0x08000256   0x00000002   Code   RO          459    .ARM.Collect$$libshutdown$$00000000  c_p.l(libshutdown.o)
    0x08000258   0x08000258   0x00000000   Code   RO          487    .ARM.Collect$$libshutdown$$00000002  c_p.l(libshutdown2.o)
    0x08000258   0x08000258   0x00000000   Code   RO          489    .ARM.Collect$$libshutdown$$00000004  c_p.l(libshutdown2.o)
    0x08000258   0x08000258   0x00000000   Code   RO          492    .ARM.Collect$$libshutdown$$00000007  c_p.l(libshutdown2.o)
    0x08000258   0x08000258   0x00000000   Code   RO          495    .ARM.Collect$$libshutdown$$0000000A  c_p.l(libshutdown2.o)
    0x08000258   0x08000258   0x00000000   Code   RO          497    .ARM.Collect$$libshutdown$$0000000C  c_p.l(libshutdown2.o)
    0x08000258   0x08000258   0x00000000   Code   RO          500    .ARM.Collect$$libshutdown$$0000000F  c_p.l(libshutdown2.o)
    0x08000258   0x08000258   0x00000002   Code   RO          501    .ARM.Collect$$libshutdown$$00000010  c_p.l(libshutdown2.o)
    0x0800025a   0x0800025a   0x00000000   Code   RO          173    .ARM.Collect$$rtentry$$00000000  c_p.l(__rtentry.o)
    0x0800025a   0x0800025a   0x00000000   Code   RO          278    .ARM.Collect$$rtentry$$00000002  c_p.l(__rtentry2.o)
    0x0800025a   0x0800025a   0x00000006   Code   RO          290    .ARM.Collect$$rtentry$$00000004  c_p.l(__rtentry4.o)
    0x08000260   0x08000260   0x00000000   Code   RO          280    .ARM.Collect$$rtentry$$00000009  c_p.l(__rtentry2.o)
    0x08000260   0x08000260   0x00000004   Code   RO          281    .ARM.Collect$$rtentry$$0000000A  c_p.l(__rtentry2.o)
    0x08000264   0x08000264   0x00000000   Code   RO          283    .ARM.Collect$$rtentry$$0000000C  c_p.l(__rtentry2.o)
    0x08000264   0x08000264   0x00000008   Code   RO          284    .ARM.Collect$$rtentry$$0000000D  c_p.l(__rtentry2.o)
    0x0800026c   0x0800026c   0x00000002   Code   RO          361    .ARM.Collect$$rtexit$$00000000  c_p.l(rtexit.o)
    0x0800026e   0x0800026e   0x00000000   Code   RO          428    .ARM.Collect$$rtexit$$00000002  c_p.l(rtexit2.o)
    0x0800026e   0x0800026e   0x00000004   Code   RO          429    .ARM.Collect$$rtexit$$00000003  c_p.l(rtexit2.o)
    0x08000272   0x08000272   0x00000006   Code   RO          430    .ARM.Collect$$rtexit$$00000004  c_p.l(rtexit2.o)
    0x08000278   0x08000278   0x00000038   Code   RO          141  * .text               startup_stm32f091xc.o
    0x080002b0   0x080002b0   0x0000002c   Code   RO          163    .text               c_p.l(sprintf.o)
    0x080002dc   0x080002dc   0x0000016c   Code   RO          165    .text               c_p.l(aeabi_sdiv.o)
    0x08000448   0x08000448   0x00000006   Code   RO          169    .text               c_p.l(heapauxi.o)
    0x0800044e   0x0800044e   0x0000004e   Code   RO          180    .text               c_p.l(_printf_pad.o)
    0x0800049c   0x0800049c   0x00000024   Code   RO          182    .text               c_p.l(_printf_truncate.o)
    0x080004c0   0x080004c0   0x00000052   Code   RO          184    .text               c_p.l(_printf_str.o)
    0x08000512   0x08000512   0x00000002   PAD
    0x08000514   0x08000514   0x0000006c   Code   RO          186    .text               c_p.l(_printf_dec.o)
    0x08000580   0x08000580   0x00000026   Code   RO          188    .text               c_p.l(_printf_charcount.o)
    0x080005a6   0x080005a6   0x00000002   PAD
    0x080005a8   0x080005a8   0x00000030   Code   RO          190    .text               c_p.l(_printf_char_common.o)
    0x080005d8   0x080005d8   0x0000000a   Code   RO          192    .text               c_p.l(_sputc.o)
    0x080005e2   0x080005e2   0x00000002   PAD
    0x080005e4   0x080005e4   0x000000bc   Code   RO          194    .text               c_p.l(_printf_wctomb.o)
    0x080006a0   0x080006a0   0x00000070   Code   RO          197    .text               c_p.l(_printf_longlong_dec.o)
    0x08000710   0x08000710   0x00000070   Code   RO          203    .text               c_p.l(_printf_oct_int_ll.o)
    0x08000780   0x08000780   0x00000098   Code   RO          223    .text               c_p.l(_printf_hex_int_ll_ptr.o)
    0x08000818   0x08000818   0x00000188   Code   RO          243    .text               c_p.l(__printf_flags_ss_wp.o)
    0x080009a0   0x080009a0   0x0000007a   Code   RO          294    .text               c_p.l(lludiv10.o)
    0x08000a1a   0x08000a1a   0x000000b0   Code   RO          296    .text               c_p.l(_printf_intcommon.o)
    0x08000aca   0x08000aca   0x00000002   PAD
    0x08000acc   0x08000acc   0x00000414   Code   RO          298    .text               c_p.l(_printf_fp_dec.o)
    0x08000ee0   0x08000ee0   0x000002d8   Code   RO          302    .text               c_p.l(_printf_fp_hex.o)
    0x080011b8   0x080011b8   0x0000002e   Code   RO          307    .text               c_p.l(_printf_char.o)
    0x080011e6   0x080011e6   0x0000002e   Code   RO          309    .text               c_p.l(_printf_wchar.o)
    0x08001214   0x08001214   0x00000042   Code   RO          312    .text               c_p.l(_c16rtomb.o)
    0x08001256   0x08001256   0x00000028   Code   RO          314    .text               c_p.l(rtudiv10.o)
    0x0800127e   0x0800127e   0x0000003e   Code   RO          316    .text               c_p.l(sys_stackheap_outer.o)
    0x080012bc   0x080012bc   0x00000010   Code   RO          319    .text               c_p.l(rt_ctype_table.o)
    0x080012cc   0x080012cc   0x00000008   Code   RO          324    .text               c_p.l(rt_locale_intlibspace.o)
    0x080012d4   0x080012d4   0x00000088   Code   RO          326    .text               c_p.l(_printf_fp_infnan.o)
    0x0800135c   0x0800135c   0x000000d8   Code   RO          328    .text               c_p.l(bigflt0.o)
    0x08001434   0x08001434   0x00000580   Code   RO          331    .text               c_p.l(btod.o)
    0x080019b4   0x080019b4   0x00000010   Code   RO          340    .text               c_p.l(exit.o)
    0x080019c4   0x080019c4   0x00000008   Code   RO          357    .text               c_p.l(libspace.o)
    0x080019cc   0x080019cc   0x00000088   Code   RO          374    .text               c_p.l(strcmp.o)
    0x08001a54   0x08001a54   0x0000000c   Code   RO          423    .text               c_p.l(sys_exit.o)
    0x08001a60   0x08001a60   0x00000002   Code   RO          448    .text               c_p.l(use_no_semi.o)
    0x08001a62   0x08001a62   0x00000000   Code   RO          450    .text               c_p.l(indicate_semi.o)
    0x08001a62   0x08001a62   0x00000002   PAD
    0x08001a64   0x08001a64   0x00000140   Code   RO           47    .text.ByteToLeds    leds.o
    0x08001ba4   0x08001ba4   0x00000108   Code   RO           36    .text.I2C1ReadRegister  i2c1.o
    0x08001cac   0x08001cac   0x000000bc   Code   RO           34    .text.I2C1WriteRegister  i2c1.o
    0x08001d68   0x08001d68   0x00000060   Code   RO            2    .text.InitAd        ad.o
    0x08001dc8   0x08001dc8   0x00000050   Code   RO           13    .text.InitButtons   buttons.o
    0x08001e18   0x08001e18   0x0000007c   Code   RO           32    .text.InitI2C1      i2c1.o
    0x08001e94   0x08001e94   0x00000002   Code   RO           66    .text.InitIo        main.o
    0x08001e96   0x08001e96   0x00000002   PAD
    0x08001e98   0x08001e98   0x000000a8   Code   RO           45    .text.InitLeds      leds.o
    0x08001f40   0x08001f40   0x000000e4   Code   RO          128    .text.InitMpr121    mpr121.o
    0x08002024   0x08002024   0x000000dc   Code   RO           93    .text.InitSpi1      spi1.o
    0x08002100   0x08002100   0x00000090   Code   RO          117    .text.InitUsart2    usart2.o
    0x08002190   0x08002190   0x00000022   Code   RO          130    .text.Mpr121GetTouchStatus  mpr121.o
    0x080021b2   0x080021b2   0x00000002   PAD
    0x080021b4   0x080021b4   0x0000002c   Code   RO           15    .text.SW1Active     buttons.o
    0x080021e0   0x080021e0   0x0000004c   Code   RO          119    .text.StringToUsart2  usart2.o
    0x0800222c   0x0800222c   0x00000050   Code   RO           72    .text.SysTick_Config  main.o
    0x0800227c   0x0800227c   0x0000000c   Code   RO           70    .text.SysTick_Handler  main.o
    0x08002288   0x08002288   0x000000dc   Code   RO           64    .text.SystemClock_Config  main.o
    0x08002364   0x08002364   0x00000100   Code   RO          150    .text.SystemCoreClockUpdate  system_stm32f0xx.o
    0x08002464   0x08002464   0x00000002   Code   RO          148    .text.SystemInit    system_stm32f0xx.o
    0x08002466   0x08002466   0x00000002   PAD
    0x08002468   0x08002468   0x00000028   Code   RO           68    .text.WaitForMs     main.o
    0x08002490   0x08002490   0x00000084   Code   RO           74    .text.__NVIC_SetPriority  main.o
    0x08002514   0x08002514   0x0000018c   Code   RO           62    .text.main          main.o
    0x080026a0   0x080026a0   0x00000030   Code   RO          333    i.__ARM_common_ll_muluu  c_p.l(btod.o)
    0x080026d0   0x080026d0   0x0000002c   Code   RO          355    i.__ARM_fpclassify  m_ps.l(fpclassify.o)
    0x080026fc   0x080026fc   0x0000000e   Code   RO          236    i._is_digit         c_p.l(__printf_wp.o)
    0x0800270a   0x0800270a   0x00000002   PAD
    0x0800270c   0x0800270c   0x0000002c   Code   RO          338    locale$$code        c_p.l(lc_numeric_c.o)
    0x08002738   0x08002738   0x0000002c   Code   RO          368    locale$$code        c_p.l(lc_ctype_c.o)
    0x08002764   0x08002764   0x00000010   Code   RO          269    x$fpl$printf1       fz_ps.l(printf1.o)
    0x08002774   0x08002774   0x00000010   Code   RO          271    x$fpl$printf2       fz_ps.l(printf2.o)
    0x08002784   0x08002784   0x00000000   Code   RO          354    x$fpl$usenofp       fz_ps.l(usenofp.o)
    0x08002784   0x08002784   0x00000008   Data   RO          195    .constdata          c_p.l(_printf_wctomb.o)
    0x0800278c   0x0800278c   0x00000028   Data   RO          224    .constdata          c_p.l(_printf_hex_int_ll_ptr.o)
    0x080027b4   0x080027b4   0x00000011   Data   RO          244    .constdata          c_p.l(__printf_flags_ss_wp.o)
    0x080027c5   0x080027c5   0x00000026   Data   RO          303    .constdata          c_p.l(_printf_fp_hex.o)
    0x080027eb   0x080027eb   0x00000001   PAD
    0x080027ec   0x080027ec   0x00000094   Data   RO          329    .constdata          c_p.l(bigflt0.o)
    0x08002880   0x08002880   0x00000010   Data   RO          153    .rodata.AHBPrescTable  system_stm32f0xx.o
    0x08002890   0x08002890   0x00000049   Data   RO           76    .rodata.str1.1      main.o
    0x080028d9   0x080028d9   0x00000003   PAD
    0x080028dc   0x080028dc   0x00000020   Data   RO          503    Region$$Table       anon$$obj.o
    0x080028fc   0x080028fc   0x0000001c   Data   RO          337    locale$$data        c_p.l(lc_numeric_c.o)
    0x08002918   0x08002918   0x00000110   Data   RO          367    locale$$data        c_p.l(lc_ctype_c.o)


    Execution Region ER_RW (Exec base: 0x20000000, Load base: 0x08002a28, Size: 0x00000004, Max: 0xffffffff, ABSOLUTE)

    Exec Addr    Load Addr    Size         Type   Attr      Idx    E Section Name        Object

    0x20000000   0x08002a28   0x00000004   Data   RW          152    .data.SystemCoreClock  system_stm32f0xx.o


    Execution Region ER_ZI (Exec base: 0x20000008, Load base: 0x08002a2c, Size: 0x000006d8, Max: 0xffffffff, ABSOLUTE)

    Exec Addr    Load Addr    Size         Type   Attr      Idx    E Section Name        Object

    0x20000008        -       0x00000060   Zero   RW          358    .bss                c_p.l(libspace.o)
    0x20000068        -       0x00000001   Zero   RW           77    .bss.count          main.o
    0x20000069        -       0x00000065   Zero   RW           80    .bss.text           main.o
    0x200000ce   0x08002a2c   0x00000002   PAD
    0x200000d0        -       0x00000004   Zero   RW           84    .bss.ticks          main.o
    0x200000d4        -       0x00000001   Zero   RW           81    .bss.touch1Help     main.o
    0x200000d5        -       0x00000001   Zero   RW           82    .bss.touch2Help     main.o
    0x200000d6        -       0x00000001   Zero   RW           83    .bss.touch3Help     main.o
    0x200000d7   0x08002a2c   0x00000001   PAD
    0x200000d8        -       0x00000002   Zero   RW           78    .bss.touchStatus    main.o
    0x200000da        -       0x00000002   Zero   RW           79    .bss.touchStatusOld  main.o
    0x200000dc   0x08002a2c   0x00000004   PAD
    0x200000e0        -       0x00000200   Zero   RW          139    HEAP                startup_stm32f091xc.o
    0x200002e0        -       0x00000400   Zero   RW          138    STACK               startup_stm32f091xc.o


==============================================================================

Image component sizes


      Code (inc. data)   RO Data    RW Data    ZI Data      Debug   Object Name

        96         20          0          0          0       1837   ad.o
       124          4          0          0          0       2029   buttons.o
       576         36          0          0          0       2369   i2c1.o
       488         24          0          0          0       2788   leds.o
       882         88         73          0        113       4586   main.o
       262          0          0          0          0       1403   mpr121.o
       220         24          0          0          0       1852   spi1.o
        56         26        188          0       1536        704   startup_stm32f091xc.o
       258         24         16          4          0       1770   system_stm32f0xx.o
       220         32          0          0          0       1981   usart2.o

    ----------------------------------------------------------------------
      3188        278        312          4       1656      21319   Object Totals
         0          0         32          0          0          0   (incl. Generated)
         6          0          3          0          7          0   (incl. Padding)

    ----------------------------------------------------------------------

      Code (inc. data)   RO Data    RW Data    ZI Data      Debug   Library Member Name

         8          0          0          0          0         68   __main.o
       392          6         17          0          0         76   __printf_flags_ss_wp.o
        14          0          0          0          0         60   __printf_wp.o
         0          0          0          0          0          0   __rtentry.o
        12          0          0          0          0          0   __rtentry2.o
         6          0          0          0          0          0   __rtentry4.o
        86         10          0          0          0          0   __scatter.o
        26          0          0          0          0          0   __scatter_copy.o
        28          0          0          0          0          0   __scatter_zi.o
        66          0          0          0          0         76   _c16rtomb.o
        10          0          0          0          0          0   _printf_a.o
        10          0          0          0          0          0   _printf_c.o
        46          0          0          0          0        100   _printf_char.o
        48          6          0          0          0         88   _printf_char_common.o
        38          0          0          0          0         60   _printf_charcount.o
        10          0          0          0          0          0   _printf_d.o
       108         18          0          0          0         76   _printf_dec.o
        10          0          0          0          0          0   _printf_e.o
        10          0          0          0          0          0   _printf_f.o
      1044         12          0          0          0        116   _printf_fp_dec.o
       728         10         38          0          0         84   _printf_fp_hex.o
       136         16          0          0          0         76   _printf_fp_infnan.o
        10          0          0          0          0          0   _printf_g.o
       152          4         40          0          0        148   _printf_hex_int_ll_ptr.o
        10          0          0          0          0          0   _printf_i.o
       176          0          0          0          0         84   _printf_intcommon.o
        10          0          0          0          0          0   _printf_l.o
        10          0          0          0          0          0   _printf_lc.o
        10          0          0          0          0          0   _printf_ll.o
        10          0          0          0          0          0   _printf_lld.o
        10          0          0          0          0          0   _printf_lli.o
        10          0          0          0          0          0   _printf_llo.o
        10          0          0          0          0          0   _printf_llu.o
        10          0          0          0          0          0   _printf_llx.o
       112         18          0          0          0         76   _printf_longlong_dec.o
        10          0          0          0          0          0   _printf_ls.o
        10          0          0          0          0          0   _printf_n.o
        10          0          0          0          0          0   _printf_o.o
       112         10          0          0          0        112   _printf_oct_int_ll.o
        10          0          0          0          0          0   _printf_p.o
        78          0          0          0          0        100   _printf_pad.o
         2          0          0          0          0          0   _printf_percent.o
         4          0          0          0          0          0   _printf_percent_end.o
        10          0          0          0          0          0   _printf_s.o
        82          0          0          0          0         72   _printf_str.o
        36          0          0          0          0         76   _printf_truncate.o
        10          0          0          0          0          0   _printf_u.o
        46          0          0          0          0        100   _printf_wchar.o
       188          6          8          0          0         80   _printf_wctomb.o
        10          0          0          0          0          0   _printf_x.o
        10          0          0          0          0         60   _sputc.o
       364          4          0          0          0         92   aeabi_sdiv.o
       216          6        148          0          0         80   bigflt0.o
      1456         30          0          0          0        336   btod.o
        16          0          0          0          0         68   exit.o
         6          0          0          0          0        136   heapauxi.o
         0          0          0          0          0          0   indicate_semi.o
        44         10        272          0          0         76   lc_ctype_c.o
        44         10         28          0          0         76   lc_numeric_c.o
         2          0          0          0          0          0   libinit.o
        30          0          0          0          0          0   libinit2.o
         2          0          0          0          0          0   libshutdown.o
         2          0          0          0          0          0   libshutdown2.o
         8          4          0          0         96         68   libspace.o
       122          0          0          0          0         72   lludiv10.o
        16          4          0          0          0         76   rt_ctype_table.o
         8          4          0          0          0         68   rt_locale_intlibspace.o
         2          0          0          0          0          0   rtexit.o
        10          0          0          0          0          0   rtexit2.o
        40          0          0          0          0         60   rtudiv10.o
        44          4          0          0          0         84   sprintf.o
       136          4          0          0          0         72   strcmp.o
        12          4          0          0          0         60   sys_exit.o
        62          0          0          0          0         80   sys_stackheap_outer.o
         2          0          0          0          0         68   use_no_semi.o
        16          4          0          0          0         76   printf1.o
        16          4          0          0          0         76   printf2.o
         0          0          0          0          0          0   usenofp.o
        44          4          0          0          0         60   fpclassify.o

    ----------------------------------------------------------------------
      6740        212        552          0         96       3572   Library Totals
        16          0          1          0          0          0   (incl. Padding)

    ----------------------------------------------------------------------

      Code (inc. data)   RO Data    RW Data    ZI Data      Debug   Library Name

      6648        200        551          0         96       3360   c_p.l
        32          8          0          0          0        152   fz_ps.l
        44          4          0          0          0         60   m_ps.l

    ----------------------------------------------------------------------
      6740        212        552          0         96       3572   Library Totals

    ----------------------------------------------------------------------

==============================================================================


      Code (inc. data)   RO Data    RW Data    ZI Data      Debug   

      9928        490        864          4       1752      23111   Grand Totals
      9928        490        864          4       1752      23111   ELF Image Totals
      9928        490        864          4          0          0   ROM Totals

==============================================================================

    Total RO  Size (Code + RO Data)                10792 (  10.54kB)
    Total RW  Size (RW Data + ZI Data)              1756 (   1.71kB)
    Total ROM Size (Code + RO Data + RW Data)      10796 (  10.54kB)

==============================================================================

