<html>
<body>
<pre>
<h1>µVision Build Log</h1>
<h2>Tool Versions:</h2>
IDE-Version: µVision V5.40.0.12
Copyright (C) 2024 ARM Ltd and ARM Germany GmbH. All rights reserved.
License Information: Robbe Rollez, Vives, LIC=----
 
Tool Versions:
Toolchain:       MDK-Lite  Version: 5.40.0.5
Toolchain Path:  C:\Users\robbe\AppData\Local\Keil_v5\ARM\ARMCLANG\Bin
C Compiler:      ArmClang.exe V6.22
Assembler:       Armasm.exe V6.22
Linker/Locator:  ArmLink.exe V6.22
Library Manager: ArmAr.exe V6.22
Hex Converter:   FromElf.exe V6.22
CPU DLL:         SARMCM3.DLL V5.40.0.5
Dialog DLL:      DARMCM1.DLL V1.19.6.0
Target DLL:      STLink\ST-LINKIII-KEIL_SWO.dll V3.3.0.0
Dialog DLL:      TARMCM1.DLL V1.14.6.0
 
<h2>Project:</h2>
C:\Users\robbe\Desktop\School 24-25\Project\Code\STM32-Touch\Basisproject.uvprojx
Project File Date:  02/13/2025

<h2>Output:</h2>
*** Using Compiler 'V6.22', folder: 'C:\Users\robbe\AppData\Local\Keil_v5\ARM\ARMCLANG\Bin'
Rebuild target 'Nucleo-091'
compiling spi1.c...
compiling buttons.c...
compiling leds.c...
compiling ad.c...
compiling timer6.c...
compiling i2c1.c...
compiling main.c...
compiling usart2.c...
assembling startup_stm32f091xc.s...
compiling mpr121.c...
compiling system_stm32f0xx.c...
linking...
Program Size: Code=9792 RO-data=856 RW-data=4 ZI-data=1752  
".\Objects\Basisproject.axf" - 0 Error(s), 0 Warning(s).

<h2>Software Packages used:</h2>

Package Vendor: ARM
                https://www.keil.com/pack/ARM.CMSIS.6.1.0.pack
                ARM::CMSIS@6.1.0
                CMSIS (Common Microcontroller Software Interface Standard)
   * Component: CORE Version: 6.1.0

Package Vendor: Keil
                http://www.keil.com/pack/Keil.STM32F0xx_DFP.2.0.0.pack
                Keil::STM32F0xx_DFP@2.0.0
                STMicroelectronics STM32F0 Series Device Support, Drivers and Examples
   * Component: Startup Version: 1.0.0

<h2>Collection of Component include folders:</h2>
  ./RTE/_Nucleo-091
  C:/Users/robbe/AppData/Local/Arm/Packs/ARM/CMSIS/6.1.0/CMSIS/Core/Include
  C:/Users/robbe/AppData/Local/Arm/Packs/Keil/STM32F0xx_DFP/2.0.0/Drivers/CMSIS/Device/ST/STM32F0xx/Include

<h2>Collection of Component Files used:</h2>

   * Component: ARM::CMSIS:CORE@6.1.0

   * Component: Keil::Device&Standalone:Startup@1.0.0
      Source file:   Drivers/CMSIS/Device/ST/STM32F0xx/Source/Templates/arm/startup_stm32f091xc.s
      Source file:   Drivers/CMSIS/Device/ST/STM32F0xx/Source/Templates/system_stm32f0xx.c
      Source file:   MDK/Device/Source/ARM/STM32F0xx_OPT.s
      Include file:  Drivers/CMSIS/Device/ST/STM32F0xx/Include/stm32f0xx.h
Build Time Elapsed:  00:00:01
</pre>
</body>
</html>
